==============================================================================
dn4-15 / AC6 — CHAQUE OCCURRENCE PORTE UN VERDICT
==============================================================================

depot code    : /home/nasbarok/projects/desknode
depot cockpit : /home/nasbarok/projects/compagnon_project
motifs        : facade · vl53l0x · 340..350 · 506..516 · busid-en-dur
normalisation : NFD + diacritiques retires + minuscules   (⇒ `Facade` == `FACADE` == `facade`)

── 0. LES DEUX DEPOTS SONT LA (⛔ jamais un skip silencieux) ──────
  [OK ] le depot cockpit est atteignable                         /home/nasbarok/projects/compagnon_project
  [OK ] le depot code est atteignable                            /home/nasbarok/projects/desknode

── 1. CE QUI EST ECARTE, ET C'EST IMPRIME ────────────────────────
     desknode : docs/dn4-15-arbitrage.md                                       auto-reference
     desknode : tools/verif_dossier_dn415.py                                   auto-reference
     cockpit  : _bmad-output/implementation-artifacts/dn4-15-*.md              auto-ref. / genere
     cockpit  : mad-output/implementation-artifacts/sprint-board-desknode.html auto-ref. / genere
     cockpit  : la ligne `dn4-15-le-dossier-ne-ment-plus-sur-ce-qu` du tracker
     dossiers : .git, .venv, __pycache__, managed_components, mesures, node_modules, venv
     cockpit  : tout ce qui est HORS surface DeskNode (= KidSat)
     ARCHIVES : 116 occurrence(s) sur 108 ligne(s) — COMPTEES et LISTEES,
                ⛔ non exigees arbitrees (⛔ sauf `busid-en-dur`) :
                  /implementation-artifacts/code-reviews/cr-dn4-17-cockpit.patch 1
                  mplementation-artifacts/code-reviews/cr-dn4-2-delta-diff.patch 11
                  lementation-artifacts/dn1-2-living-pcb-statique-plein-ecran.md 1
                  mplementation-artifacts/dn1-3-label-vivant-backlight-pilote.md 1
                  utput/implementation-artifacts/dn2-1-bme680-bus-i2c-externe.md 14
                  implementation-artifacts/dn3-1-systemmetricwidget-mock-data.md 3
                  ation-artifacts/dn3-2-grille-dashboard-2x3-barre-heure-date.md 3
                  put/implementation-artifacts/dn3-3-ambient-actif-deux-etats.md 2
                  lementation-artifacts/dn4-1-donnees-pc-reelles-quatre-cases.md 2
                  /dn4-14-2-la-barre-dit-l-heure-et-la-date-a-la-bonne-taille.md 2
                  ion-artifacts/dn4-14-les-icones-disent-ce-qu-elles-montrent.md 3
                  mad-output/implementation-artifacts/dn4-16-arbitrage-ledger.md 5
                  tation-artifacts/dn4-16-le-ledger-dit-ce-qui-reste-et-a-qui.md 4
                  ifacts/dn4-17-l-agent-vit-sur-la-tour-et-on-reprend-la-main.md 2
                  /implementation-artifacts/dn4-2-brancher-les-trois-capteurs.md 36
                  utput/implementation-artifacts/dn4-3-exploiter-les-capteurs.md 8
                  tion-artifacts/dn4-6-cpu-et-gpu-a-trois-et-quatre-grandeurs.md 5
                  t/implementation-artifacts/dn4-7-le-tof-porte-t-il-vraiment.md 5
                  lementation-artifacts/dn4-8-la-tour-expose-ses-sondes-ring0.md 5
                  ts/dn4-9-cpu-prend-la-temperature-disque-prend-les-ventilos.md 2
                  vestigations/dn4-7-vl6180x-ne-converge-jamais-investigation.md 1
     cockpit  : `deferred*/` sous implementation-artifacts (ledger deporte)
     extensions balayees : .md, .yaml, .yml, .c, .h, .cpp, .hpp, .py, .sh, .ps1, .bat, .txt, .defaults, .json, .cfg, .in, .scad, .patch, .rst, .csv, .cmake, .toml, .ini, .conf, .projbuild, .rules, .service
     noms de texte sans extension : CMakeLists.txt, Dockerfile, LICENSE, Makefile, sdkconfig, sdkconfig*, Kconfig*, partitions*
  [OK ] les exclusions sont DECLAREES, ⛔ pas silencieuses        4 fichier(s), 7 dossier(s), 116 occ. d'archive
  [OK ] aucun saut subi (illisible / surface absente)            0 illisible(s), 0 surface(s) absente(s)

── 2. LE MANIFESTE COUVRE L'ARBRE, LIGNE PAR LIGNE ───────────────
  [OK ] le manifeste est lisible et non vide                     195 entree(s)
  [OK ] toute occurrence de l'arbre est AU MANIFESTE             195 ligne(s) arbitree(s)
  [OK ] le manifeste ne cite aucune occurrence FANTOME           195 ligne(s) de manifeste
  [OK ] le `n` de chaque ligne colle a l'arbre                   195 ligne(s)
  [OK ] la citation du manifeste colle au TEXTE de l'arbre       195 ligne(s) confrontee(s) — le verdict suit le sens, ⛔ pas la ligne

── 3. LA SOMME DES VERDICTS = LE COMPTE (AC2.4) ──────────────────
     FAUX             0
     VRAI           120
     HISTORIQUE      82
     SANS-RAPPORT     2
  [OK ] somme des verdicts == occurrences de l'arbre             204 vs 204
  [OK ] ⛔ AUCUNE occurrence ne reste `FAUX` (decision owner)     FAUX = 0
  [OK ] les recapitulatifs du manifeste collent a son detail     10 chiffre(s) annonce(s) confronte(s)

── 4. LA CONSOLE N'ENSEIGNE PLUS UN CHIFFRE MORT (AC5) ───────────
  [OK ] dn_console.c ne contient plus la coordonnee morte 340..3 0 occurrence(s)
  [OK ] dn_ui.c ne contient plus la coordonnee morte 340..350    0 occurrence(s)
  [OK ] dn_console.c : ⛔ 337..347 n'est SUBSTITUE dans aucune so aucune substitution
  [OK ] dn_ui.c : ⛔ 337..347 n'est SUBSTITUE dans aucune sortie  aucune substitution
  [OK ] dn_ui.h : ⛔ 337..347 n'est SUBSTITUE dans aucune sortie  aucune substitution
  [OK ] dn_console.c : chaque site d'avertissement renvoie a `wi 3 site(s), 0 sans renvoi (2 sites attendus au minimum)
  [OK ] dn_ui.c : chaque site d'avertissement renvoie a `widget  2 site(s), 0 sans renvoi (2 sites attendus au minimum)
  [OK ] les renvois `dn_pins.h:<ligne>` portent ENCORE la refuta 1 adresse(s) : [165]

==============================================================================
BILAN : 20 OK, 0 KO
==============================================================================
