
--- 2026-08-26 14:22:38.184  PORT OUVERT (COM3) (0 o) ---

--- 2026-08-26 14:22:38.185  DRAIN (1 o) ---
p
--- 2026-08-26 14:22:38.185  DRAIN (2 o) ---
c 
--- 2026-08-26 14:22:38.186  DRAIN (2 o) ---
$D
--- 2026-08-26 14:22:39.181  DRAIN (226 o) ---
N,3,1,1030,cpu,59,16,164,440*64
desknode> pc $DN,3,2,1030,gpu,70,480,510,5980*60
desknode> pc $DN,3,3,1030,ram,506,319*7E
desknode> pc $DN,3,4,1030,net,0,0*70
desknode> pc $DN,3,5,1030,disk,1,10607,3624,9146*13
desknode> 
--- 2026-08-26 14:22:39.181  DRAIN (1 o) ---
p
--- 2026-08-26 14:22:39.181  DRAIN (1 o) ---
c
--- 2026-08-26 14:22:39.182  DRAIN (2 o) ---
 $
--- 2026-08-26 14:22:39.182  DRAIN (2 o) ---
DN
--- 2026-08-26 14:22:40.186  DRAIN (226 o) ---
,3,6,2028,cpu,72,28,203,440*6F
desknode> pc $DN,3,7,2028,gpu,40,480,510,5980*6C
desknode> pc $DN,3,8,2028,ram,506,319*7F
desknode> pc $DN,3,9,2028,net,1,1*77
desknode> pc $DN,3,10,2028,disk,4,10607,3624,9146*28
desknode> 
--- 2026-08-26 14:22:40.188  DRAIN (11 o) ---
pc $DN,3,11
--- 2026-08-26 14:22:40.188  DRAIN (2 o) ---
,3
--- 2026-08-26 14:22:40.189  DRAIN (2 o) ---
03
--- 2026-08-26 14:22:40.189  DRAIN (2 o) ---
3,
--- 2026-08-26 14:22:41.188  DRAIN (219 o) ---
cpu,85,28,174,445*5C
desknode> pc $DN,3,12,3033,gpu,20,480,510,5990*54
desknode> pc $DN,3,13,3033,ram,506,319*4E
desknode> pc $DN,3,14,3033,net,1,1*40
desknode> pc $DN,3,15,3033,disk,1,10607,3624,9146*23
desknode> 
--- 2026-08-26 14:22:41.189  DRAIN (1 o) ---
p
--- 2026-08-26 14:22:42.187  DRAIN (338 o) ---
c $DN,3,16,4035,cpu,71,32,179,445*57
desknode> pc $DN,3,17,4035,gpu,90,490,510,5990*5A
desknode> pc $DN,3,18,4035,ram,506,319*44
desknode> pc $DN,3,19,4035,net,1,1*4C
desknode> pc $DN,3,20,4035,disk,2,10626,3615,9206*21
desknode> I (2244653) desknode: up 2240 s — vsync=83839 — flush=10598 cycles=4513 — PSRAM libre 7768084 o

--- 2026-08-26 14:22:42.188  DRAIN (1 o) ---
p
--- 2026-08-26 14:22:42.188  DRAIN (1 o) ---
c
--- 2026-08-26 14:22:42.188  DRAIN (2 o) ---
 $
--- 2026-08-26 14:22:42.188  DRAIN (2 o) ---
DN
--- 2026-08-26 14:22:43.177  DRAIN (231 o) ---
,3,21,5034,cpu,198,32,385,445*64
desknode> pc $DN,3,22,5034,gpu,20,480,510,5980*57
desknode> pc $DN,3,23,5034,ram,506,319*4C
desknode> pc $DN,3,24,5034,net,2,2*42
desknode> pc $DN,3,25,5034,disk,1,10626,3615,9206*27
desknode> 
--- 2026-08-26 14:22:43.178  DRAIN (2 o) ---
pc
--- 2026-08-26 14:22:43.178  DRAIN (3 o) ---
 $D
--- 2026-08-26 14:22:43.178  DRAIN (2 o) ---
N,
--- 2026-08-26 14:22:43.179  DRAIN (3 o) ---
3,2
--- 2026-08-26 14:22:44.181  DRAIN (227 o) ---
6,6024,cpu,111,32,231,445*6E
desknode> pc $DN,3,27,6024,gpu,30,480,510,5990*50
desknode> pc $DN,3,28,6024,ram,506,319*45
desknode> pc $DN,3,29,6024,net,1,1*4D
desknode> pc $DN,3,30,6024,disk,0,10626,3615,9206*20
desknode> 
--- 2026-08-26 14:22:44.182  DRAIN (1 o) ---
p
--- 2026-08-26 14:22:44.182  DRAIN (1 o) ---
c
--- 2026-08-26 14:22:44.182  DRAIN (1 o) ---
 
--- 2026-08-26 14:22:44.182  DRAIN (2 o) ---
$D
--- 2026-08-26 14:22:45.177  DRAIN (231 o) ---
N,3,31,7028,cpu,95,32,219,440*57
desknode> pc $DN,3,32,7028,gpu,90,480,510,5980*52
desknode> pc $DN,3,33,7028,ram,506,319*42
desknode> pc $DN,3,34,7028,net,0,0*4C
desknode> pc $DN,3,35,7028,disk,2,10626,3615,9206*2A
desknode> 
--- 2026-08-26 14:22:45.177  DRAIN (1 o) ---
p
--- 2026-08-26 14:22:45.177  DRAIN (1 o) ---
c
--- 2026-08-26 14:22:46.184  DRAIN (235 o) ---
 $DN,3,36,8023,cpu,125,31,277,440*65
desknode> pc $DN,3,37,8023,gpu,90,480,510,5970*5C
desknode> pc $DN,3,38,8023,ram,506,319*4D
desknode> pc $DN,3,39,8023,net,6,9*4A
desknode> pc $DN,3,40,8023,disk,0,10630,3607,9182*25
desknode> 
--- 2026-08-26 14:22:46.184  DRAIN (1 o) ---
p
--- 2026-08-26 14:22:46.184  DRAIN (1 o) ---
c
--- 2026-08-26 14:22:46.185  DRAIN (2 o) ---
 $
--- 2026-08-26 14:22:46.185  DRAIN (1 o) ---
D
--- 2026-08-26 14:22:47.196  DRAIN (242 o) ---
N,3,41,9030,cpu,110,32,268,440*6D
desknode> pc $DN,3,42,9030,gpu,40,480,510,5970*50
desknode> desknode> pc $DN,3,43,9030,ram,506,319*42
desknode> pc $DN,3,44,9030,net,0,0*4C
desknode> pc $DN,3,45,9030,disk,3,10630,3607,9182*20
desknode> 
--- 2026-08-26 14:22:47.197  DRAIN (4 o) ---
pc $
--- 2026-08-26 14:22:47.197  DRAIN (3 o) ---
DN,
--- 2026-08-26 14:22:47.197  DRAIN (2 o) ---
3,
--- 2026-08-26 14:22:47.197  DRAIN (2 o) ---
46
--- 2026-08-26 14:22:48.184  DRAIN (263 o) ---
,10042,cpu,122,21,282,440*50
desknode> pc $DN,3,47,10042,gpu,70,480desknode> 510,5980*64
Unrecognized command
desknode> pc $DN,3,48,10042,ram,506,319*74
desknode> pc $DN,3,49,10042,net,0,0*7C
desknode> pc $DN,3,50,10042,disk,13,10630,3607,9182*28
desknode> 
--- 2026-08-26 14:22:48.184  DRAIN (1 o) ---
p
--- 2026-08-26 14:22:48.184  DRAIN (1 o) ---
c
--- 2026-08-26 14:22:48.184  DRAIN (2 o) ---
 $
--- 2026-08-26 14:22:48.185  DRAIN (1 o) ---
D
--- 2026-08-26 14:22:49.195  DRAIN (269 o) ---
N,3,51,11031,cpu,113,32,206,440*5F
desknode> pc $DN,3,52,11031,gpu,90,490,510,5980*6A
desknode> pc $DN,3,53,11031,ram,506,319*7B
desknode> pc $DN,3,54,11031,net,1,0*74
desknode> pc $DN,3,55,11031,disk,2,10630desknode> ,3607,9182*18
Unrecognized command
desknode> 
--- 2026-08-26 14:22:49.196  DRAIN (1 o) ---
p
--- 2026-08-26 14:22:49.196  DRAIN (1 o) ---
c
--- 2026-08-26 14:22:49.196  DRAIN (1 o) ---
 
--- 2026-08-26 14:22:49.196  DRAIN (2 o) ---
$D
--- 2026-08-26 14:22:50.179  DRAIN (236 o) ---
N,3,56,12042,cpu,89,32,191,440*60
desknode> pc $DN,3,57,12042,gpu,20,490,510,5980*63
desknode> pc $DN,3,58,12042,ram,506,319*77
desknode> pc $DN,3,59,12042,net,0,0*7F
desknode> pc $DN,3,60,12042,disk,2,10613,3618,9162*18
desknode> 
--- 2026-08-26 14:22:50.179  DRAIN (1 o) ---
p
--- 2026-08-26 14:22:50.179  DRAIN (1 o) ---
c
--- 2026-08-26 14:22:50.180  DRAIN (2 o) ---
 $
--- 2026-08-26 14:22:51.186  DRAIN (239 o) ---
DN,3,61,13026,cpu,101,32,292,440*56
desknode> pc $DN,3,62,13026,gpu,110,490,510,5990*55
desknode> pc $DN,3,63,13026,ram,506,319*7C
desknode> pc $DN,3,64,13026,net,2,3*73
desknode> pc $DN,3,65,13026,disk,0,10613,3618,9162*1C
desknode> 
--- 2026-08-26 14:22:51.186  DRAIN (1 o) ---
p
--- 2026-08-26 14:22:51.187  DRAIN (1 o) ---
c
--- 2026-08-26 14:22:51.187  DRAIN (2 o) ---
 $
--- 2026-08-26 14:22:52.189  DRAIN (342 o) ---
DN,3,66,14033,cpu,148,31,315,440*52
desknode> pc $DN,3,67,14033,gpu,210,480,510,5980*50
desknode> pc $DN,3,68,14033,ram,506,319*74
desknode> pc $DN,3,69,14033,net,1,1*7C
desknode> pc $DN,3,70,14033,disk,3,10613,3618,9162*18
desknode> I (2254655) desknode: up 2250 s — vsync=84213 — flush=10648 cycles=4535 — PSRAM libre 7768084 o

--- 2026-08-26 14:22:52.189  DRAIN (1 o) ---
p
--- 2026-08-26 14:22:52.189  DRAIN (2 o) ---
c 
--- 2026-08-26 14:22:52.189  DRAIN (1 o) ---
$
--- 2026-08-26 14:22:52.190  DRAIN (2 o) ---
DN
--- 2026-08-26 14:22:53.184  DRAIN (237 o) ---
,3,71,15035,cpu,199,12,476,453*5E
desknode> pc $DN,3,72,15035,gpu,50,490,510,5980*64
desknode> pc $DN,3,73,15035,ram,506,319*79
desknode> pc $DN,3,74,15035,net,9,16*49
desknode> pc $DN,3,75,15035,disk,4,10613,3618,9162*1D
desknode> 
--- 2026-08-26 14:22:53.184  DRAIN (4 o) ---
pc $
--- 2026-08-26 14:22:53.185  DRAIN (3 o) ---
DN,
--- 2026-08-26 14:22:53.185  DRAIN (1 o) ---
3
--- 2026-08-26 14:22:53.185  DRAIN (2 o) ---
,7
--- 2026-08-26 14:22:54.186  DRAIN (234 o) ---
6,16030,cpu,113,29,324,453*55
desknode> pc $DN,3,77,16030,gpu,40,490,510,5980*66
desknode> pc $DN,3,78,16030,ram,506,319*74
desknode> pc $DN,3,79,16030,net,39,75*74
desknode> pc $DN,3,80,16030,disk,5,10617,3639,9171*15
desknode> 
--- 2026-08-26 14:22:54.186  DRAIN (1 o) ---
p
--- 2026-08-26 14:22:54.187  DRAIN (1 o) ---
c
--- 2026-08-26 14:22:54.187  DRAIN (2 o) ---
 $
--- 2026-08-26 14:22:54.187  DRAIN (2 o) ---
DN
--- 2026-08-26 14:22:55.184  DRAIN (235 o) ---
,3,81,17033,cpu,95,29,254,453*66
desknode> pc $DN,3,82,17033,gpu,60,480,510,5980*6D
desknode> pc $DN,3,83,17033,ram,506,319*72
desknode> pc $DN,3,84,17033,net,0,0*7C
desknode> pc $DN,3,85,17033,disk,0,10617,3639,9171*17
desknode> 
--- 2026-08-26 14:22:55.184  DRAIN (1 o) ---
p
--- 2026-08-26 14:22:55.184  DRAIN (1 o) ---
c
--- 2026-08-26 14:22:55.184  DRAIN (2 o) ---
 $
--- 2026-08-26 14:22:56.178  DRAIN (238 o) ---
DN,3,86,18030,cpu,109,32,314,453*56
desknode> pc $DN,3,87,18030,gpu,60,490,510,5970*6A
desknode> pc $DN,3,88,18030,ram,506,319*75
desknode> pc $DN,3,89,18030,net,1,1*7D
desknode> pc $DN,3,90,18030,disk,0,10617,3639,9171*1F
desknode> 
--- 2026-08-26 14:22:56.178  DRAIN (1 o) ---
p
--- 2026-08-26 14:22:56.178  DRAIN (1 o) ---
c
--- 2026-08-26 14:22:56.178  DRAIN (2 o) ---
 $
--- 2026-08-26 14:22:56.179  DRAIN (2 o) ---
DN
--- 2026-08-26 14:22:57.188  DRAIN (236 o) ---
,3,91,19024,cpu,151,32,357,440*5C
desknode> pc $DN,3,92,19024,gpu,20,480,510,5970*6F
desknode> pc $DN,3,93,19024,ram,506,319*7B
desknode> pc $DN,3,94,19024,net,3,4*72
desknode> pc $DN,3,95,19024,disk,0,10617,3639,9171*1E
desknode> 
--- 2026-08-26 14:22:57.189  DRAIN (1 o) ---
p
--- 2026-08-26 14:22:57.189  DRAIN (2 o) ---
c 
--- 2026-08-26 14:22:57.189  DRAIN (3 o) ---
$DN
--- 2026-08-26 14:22:57.190  DRAIN (2 o) ---
,3
--- 2026-08-26 14:22:58.188  DRAIN (235 o) ---
,96,20035,cpu,121,25,277,440*53
desknode> pc $DN,3,97,20035,gpu,80,480,510,5970*6A
desknode> pc $DN,3,98,20035,ram,505,319*79
desknode> pc $DN,3,99,20035,net,2,1*71
desknode> pc $DN,3,100,20035,disk,0,10744,3719,9264*2A
desknode> 
--- 2026-08-26 14:22:58.189  DRAIN (1 o) ---
p
--- 2026-08-26 14:22:58.189  DRAIN (2 o) ---
c 
--- 2026-08-26 14:22:59.187  DRAIN (247 o) ---
$DN,3,101,21035,cpu,130,32,290,440*62
desknode> pc $DN,3,102,21035,gpu,10,480,510,5970*5F
desknode> pc $DN,3,103,21035,ram,505,319*4B
desknode> pc $DN,3,104,21035,net,70,144*70
desknode> pc $DN,3,105,21035,disk,3,10744,3719,9264*2D
desknode> 
--- 2026-08-26 14:22:59.187  DRAIN (1 o) ---
p
--- 2026-08-26 14:22:59.187  DRAIN (2 o) ---
c 
--- 2026-08-26 14:22:59.187  DRAIN (1 o) ---
$
--- 2026-08-26 14:22:59.188  DRAIN (2 o) ---
DN
--- 2026-08-26 14:23:00.187  DRAIN (243 o) ---
,3,106,22033,cpu,158,32,443,440*66
desknode> pc $DN,3,107,22033,gpu,10,480,510,5980*50
desknode> pc $DN,3,108,22033,ram,505,319*45
desknode> pc $DN,3,109,22033,net,19,36*43
desknode> pc $DN,3,110,22033,disk,1,10744,3719,9264*2E
desknode> 
--- 2026-08-26 14:23:00.187  DRAIN (3 o) ---
pc 
--- 2026-08-26 14:23:00.188  DRAIN (1 o) ---
$
--- 2026-08-26 14:23:00.188  DRAIN (2 o) ---
DN
--- 2026-08-26 14:23:00.188  DRAIN (1 o) ---
,
--- 2026-08-26 14:23:01.201  DRAIN (242 o) ---
3,111,23033,cpu,174,26,352,455*69
desknode> pc $DN,3,112,23033,gpu,60,480,510,5980*52
desknode> pc $DN,3,113,23033,ram,506,319*4D
desknode> pc $DN,3,114,23033,net,32,63*47
desknode> pc $DN,3,115,23033,disk,1,10744,3719,9264*2A
desknode> 
--- 2026-08-26 14:23:01.201  DRAIN (1 o) ---
p
--- 2026-08-26 14:23:01.201  DRAIN (1 o) ---
c
--- 2026-08-26 14:23:01.202  DRAIN (2 o) ---
 $
--- 2026-08-26 14:23:02.190  DRAIN (345 o) ---
DN,3,116,24047,cpu,85,13,268,455*5B
desknode> pc $DN,3,117,24047,gpu,30,480,510,5970*59
desknode> pc $DN,3,118,24047,ram,506,319*42
desknode> pc $DN,3,119,24047,net,2,2*4A
desknode> pc $DN,3,120,24047,disk,0,10620,3632,9190*2A
desknode> I (2264657) desknode: up 2260 s — vsync=84587 — flush=10701 cycles=4558 — PSRAM libre 7768084 o

--- 2026-08-26 14:23:02.190  DRAIN (1 o) ---
p
--- 2026-08-26 14:23:02.191  DRAIN (3 o) ---
c $
--- 2026-08-26 14:23:02.191  DRAIN (2 o) ---
DN
--- 2026-08-26 14:23:02.191  DRAIN (1 o) ---
,
--- 2026-08-26 14:23:03.187  DRAIN (239 o) ---
3,121,25037,cpu,88,21,219,455*53
desknode> pc $DN,3,122,25037,gpu,20,490,510,5970*59
desknode> pc $DN,3,123,25037,ram,506,319*4C
desknode> pc $DN,3,124,25037,net,2,1*41
desknode> pc $DN,3,125,25037,disk,1,10620,3632,9190*28
desknode> 
--- 2026-08-26 14:23:03.188  DRAIN (1 o) ---
p
--- 2026-08-26 14:23:03.188  DRAIN (1 o) ---
c
--- 2026-08-26 14:23:03.188  DRAIN (1 o) ---
 
--- 2026-08-26 14:23:03.188  DRAIN (2 o) ---
$D
--- 2026-08-26 14:23:04.188  DRAIN (241 o) ---
N,3,126,26034,cpu,93,32,167,455*56
desknode> pc $DN,3,127,26034,gpu,20,490,510,5970*5C
desknode> pc $DN,3,128,26034,ram,506,319*47
desknode> pc $DN,3,129,26034,net,1,1*4F
desknode> pc $DN,3,130,26034,disk,8,10620,3632,9190*25
desknode> 
--- 2026-08-26 14:23:04.188  DRAIN (1 o) ---
p
--- 2026-08-26 14:23:04.189  DRAIN (2 o) ---
c 
--- 2026-08-26 14:23:04.189  DRAIN (1 o) ---
$
--- 2026-08-26 14:23:04.189  DRAIN (2 o) ---
DN
--- 2026-08-26 14:23:05.192  DRAIN (240 o) ---
,3,131,27035,cpu,63,32,172,440*5F
desknode> pc $DN,3,132,27035,gpu,80,480,510,5970*53
desknode> pc $DN,3,133,27035,ram,506,319*4D
desknode> pc $DN,3,134,27035,net,1,1*43
desknode> pc $DN,3,135,27035,disk,0,10620,3632,9190*28
desknode> 
--- 2026-08-26 14:23:05.193  DRAIN (1 o) ---
p
--- 2026-08-26 14:23:05.193  DRAIN (1 o) ---
c
--- 2026-08-26 14:23:05.193  DRAIN (1 o) ---
 
--- 2026-08-26 14:23:06.187  DRAIN (244 o) ---
$DN,3,136,28039,cpu,128,32,271,440*65
desknode> pc $DN,3,137,28039,gpu,20,480,510,5970*5F
desknode> pc $DN,3,138,28039,ram,505,319*46
desknode> pc $DN,3,139,28039,net,3,5*4B
desknode> pc $DN,3,140,28039,disk,0,10617,3627,9171*26
desknode> 
--- 2026-08-26 14:23:06.188  DRAIN (1 o) ---
p
--- 2026-08-26 14:23:07.181  DRAIN (246 o) ---
c $DN,3,141,29034,cpu,81,32,243,440*5A
desknode> pc $DN,3,142,29034,gpu,110,480,510,5970*63
desknode> pc $DN,3,143,29034,ram,506,319*45
desknode> pc $DN,3,144,29034,net,0,0*4B
desknode> pc $DN,3,145,29034,disk,3,10617,3627,9171*2C
desknode> 
--- 2026-08-26 14:23:07.181  DRAIN (1 o) ---
p
--- 2026-08-26 14:23:07.182  DRAIN (1 o) ---
c
--- 2026-08-26 14:23:07.182  DRAIN (1 o) ---
 
--- 2026-08-26 14:23:07.182  DRAIN (2 o) ---
$D
--- 2026-08-26 14:23:08.194  DRAIN (241 o) ---
N,3,146,30028,cpu,69,32,159,440*56
desknode> pc $DN,3,147,30028,gpu,30,480,510,5970*50
desknode> pc $DN,3,148,30028,ram,505,319*48
desknode> pc $DN,3,149,30028,net,4,7*40
desknode> pc $DN,3,150,30028,disk,0,10617,3627,9171*2E
desknode> 
--- 2026-08-26 14:23:08.194  DRAIN (1 o) ---
p
--- 2026-08-26 14:23:08.195  DRAIN (2 o) ---
c 
--- 2026-08-26 14:23:08.195  DRAIN (2 o) ---
$D
--- 2026-08-26 14:23:08.195  DRAIN (2 o) ---
N,
--- 2026-08-26 14:23:09.189  DRAIN (239 o) ---
3,151,31041,cpu,88,21,212,440*5F
desknode> pc $DN,3,152,31041,gpu,30,480,510,5970*5A
desknode> pc $DN,3,153,31041,ram,505,319*4C
desknode> pc $DN,3,154,31041,net,0,0*41
desknode> pc $DN,3,155,31041,disk,2,10617,3627,9171*27
desknode> 
--- 2026-08-26 14:23:09.189  DRAIN (1 o) ---
p
--- 2026-08-26 14:23:09.189  DRAIN (1 o) ---
c
--- 2026-08-26 14:23:09.190  DRAIN (2 o) ---
 $
--- 2026-08-26 14:23:10.193  DRAIN (242 o) ---
DN,3,156,32035,cpu,80,29,243,440*5C
desknode> pc $DN,3,157,32035,gpu,60,480,510,5970*5A
desknode> pc $DN,3,158,32035,ram,506,319*44
desknode> pc $DN,3,159,32035,net,0,0*4C
desknode> pc $DN,3,160,32035,disk,1,10622,3621,9168*2A
desknode> 
--- 2026-08-26 14:23:10.193  DRAIN (1 o) ---
p
--- 2026-08-26 14:23:10.193  DRAIN (3 o) ---
c $
--- 2026-08-26 14:23:10.194  DRAIN (2 o) ---
DN
--- 2026-08-26 14:23:10.194  DRAIN (2 o) ---
,3
--- 2026-08-26 14:23:11.189  DRAIN (238 o) ---
,161,33039,cpu,88,16,319,440*5F
desknode> pc $DN,3,162,33039,gpu,30,490,510,5970*55
desknode> pc $DN,3,163,33039,ram,506,319*41
desknode> pc $DN,3,164,33039,net,0,0*4F
desknode> pc $DN,3,165,33039,disk,1,10622,3621,9168*22
desknode> 
--- 2026-08-26 14:23:11.189  DRAIN (1 o) ---
p
--- 2026-08-26 14:23:11.190  DRAIN (2 o) ---
c 
--- 2026-08-26 14:23:11.190  DRAIN (2 o) ---
$D
--- 2026-08-26 14:23:11.190  DRAIN (1 o) ---
N
--- 2026-08-26 14:23:12.186  DRAIN (343 o) ---
,3,166,34036,cpu,95,25,254,440*54
desknode> pc $DN,3,167,34036,gpu,40,480,510,5970*5E
desknode> pc $DN,3,168,34036,ram,505,319*41
desknode> pc $DN,3,169,34036,net,2,4*4C
desknode> pc $DN,3,170,34036,disk,0,10622,3621,9168*2F
desknode> I (2274659) desknode: up 2270 s — vsync=84961 — flush=10753 cycles=4579 — PSRAM libre 7768084 o

--- 2026-08-26 14:23:12.187  DRAIN (1 o) ---
p
--- 2026-08-26 14:23:12.187  DRAIN (2 o) ---
c 
--- 2026-08-26 14:23:12.187  DRAIN (1 o) ---
$
--- 2026-08-26 14:23:12.187  DRAIN (2 o) ---
DN
--- 2026-08-26 14:23:13.196  DRAIN (241 o) ---
,3,171,35033,cpu,94,31,214,438*59
desknode> pc $DN,3,172,35033,gpu,120,480,510,5970*69
desknode> pc $DN,3,173,35033,ram,506,319*4C
desknode> pc $DN,3,174,35033,net,0,0*42
desknode> pc $DN,3,175,35033,disk,0,10622,3621,9168*2E
desknode> 
--- 2026-08-26 14:23:13.196  DRAIN (1 o) ---
p
--- 2026-08-26 14:23:13.196  DRAIN (1 o) ---
c
--- 2026-08-26 14:23:13.196  DRAIN (2 o) ---
 $
--- 2026-08-26 14:23:13.197  DRAIN (1 o) ---
D
--- 2026-08-26 14:23:14.184  DRAIN (242 o) ---
N,3,176,36042,cpu,140,12,333,438*66
desknode> pc $DN,3,177,36042,gpu,10,480,510,5980*54
desknode> pc $DN,3,178,36042,ram,506,319*42
desknode> pc $DN,3,179,36042,net,2,2*4A
desknode> pc $DN,3,180,36042,disk,1,10624,3632,9190*23
desknode> 
--- 2026-08-26 14:23:14.184  DRAIN (1 o) ---
p
--- 2026-08-26 14:23:14.184  DRAIN (1 o) ---
c
--- 2026-08-26 14:23:14.184  DRAIN (1 o) ---
 
--- 2026-08-26 14:23:15.206  DRAIN (247 o) ---
$DN,3,181,37030,cpu,126,12,262,438*6F
desknode> pc $DN,3,182,37030,gpu,50,480,510,5980*5E
desknode> pc $DN,3,183,37030,ram,506,319*42
desknode> pc $DN,3,184,37030,net,74,146*7C
desknode> pc $DN,3,185,37030,disk,0,10624,3632,9190*23
desknode> 
--- 2026-08-26 14:23:15.206  DRAIN (1 o) ---
p
--- 2026-08-26 14:23:15.207  DRAIN (1 o) ---
c
--- 2026-08-26 14:23:15.207  DRAIN (3 o) ---
 $D
--- 2026-08-26 14:23:15.207  DRAIN (2 o) ---
N,
--- 2026-08-26 14:23:16.188  DRAIN (239 o) ---
3,186,38053,cpu,86,26,188,438*59
desknode> pc $DN,3,187,38053,gpu,60,480,510,5970*5D
desknode> pc $DN,3,188,38053,ram,506,319*43
desknode> pc $DN,3,189,38053,net,0,0*4B
desknode> pc $DN,3,190,38053,disk,1,10624,3632,9190*2C
desknode> 
--- 2026-08-26 14:23:16.189  DRAIN (1 o) ---
p
--- 2026-08-26 14:23:16.189  DRAIN (1 o) ---
c
--- 2026-08-26 14:23:16.189  DRAIN (2 o) ---
 $
--- 2026-08-26 14:23:16.190  DRAIN (2 o) ---
DN
--- 2026-08-26 14:23:17.185  DRAIN (240 o) ---
,3,191,39035,cpu,89,25,214,440*5B
desknode> pc $DN,3,192,39035,gpu,40,480,510,5960*5B
desknode> pc $DN,3,193,39035,ram,506,319*48
desknode> pc $DN,3,194,39035,net,0,0*46
desknode> pc $DN,3,195,39035,disk,0,10624,3632,9190*29
desknode> 
--- 2026-08-26 14:23:17.186  DRAIN (1 o) ---
p
--- 2026-08-26 14:23:18.189  DRAIN (245 o) ---
c $DN,3,196,40032,cpu,93,32,254,440*5C
desknode> pc $DN,3,197,40032,gpu,30,480,510,5950*53
desknode> pc $DN,3,198,40032,ram,506,319*4A
desknode> pc $DN,3,199,40032,net,1,1*42
desknode> pc $DN,3,200,40032,disk,0,10619,3621,9160*2C
desknode> 
--- 2026-08-26 14:23:18.190  DRAIN (1 o) ---
p
--- 2026-08-26 14:23:18.190  DRAIN (2 o) ---
c 
--- 2026-08-26 14:23:18.190  DRAIN (1 o) ---
$
--- 2026-08-26 14:23:19.183  DRAIN (242 o) ---
DN,3,201,41036,cpu,81,32,227,440*53
desknode> pc $DN,3,202,41036,gpu,80,490,510,5950*53
desknode> pc $DN,3,203,41036,ram,506,319*4E
desknode> pc $DN,3,204,41036,net,1,1*40
desknode> pc $DN,3,205,41036,disk,2,10619,3621,9160*2E
desknode> 
--- 2026-08-26 14:23:19.184  DRAIN (1 o) ---
p
--- 2026-08-26 14:23:19.184  DRAIN (1 o) ---
c
--- 2026-08-26 14:23:19.184  DRAIN (1 o) ---
 
--- 2026-08-26 14:23:19.184  DRAIN (2 o) ---
$D
--- 2026-08-26 14:23:20.192  DRAIN (242 o) ---
N,3,206,42030,cpu,118,31,275,440*64
desknode> pc $DN,3,207,42030,gpu,40,490,510,5950*5F
desknode> pc $DN,3,208,42030,ram,505,319*43
desknode> pc $DN,3,209,42030,net,0,0*48
desknode> pc $DN,3,210,42030,disk,0,10619,3621,9160*2D
desknode> 
--- 2026-08-26 14:23:20.192  DRAIN (1 o) ---
p
--- 2026-08-26 14:23:20.192  DRAIN (2 o) ---
c 
--- 2026-08-26 14:23:20.193  DRAIN (1 o) ---
$
--- 2026-08-26 14:23:20.193  DRAIN (2 o) ---
DN
--- 2026-08-26 14:23:21.181  DRAIN (239 o) ---
,3,211,43038,cpu,66,12,188,440*53
desknode> pc $DN,3,212,43038,gpu,0,490,510,5940*67
desknode> pc $DN,3,213,43038,ram,505,319*40
desknode> pc $DN,3,214,43038,net,0,0*4D
desknode> pc $DN,3,215,43038,disk,1,10619,3621,9160*20
desknode> 
--- 2026-08-26 14:23:21.182  DRAIN (1 o) ---
p
--- 2026-08-26 14:23:21.182  DRAIN (1 o) ---
c
--- 2026-08-26 14:23:22.183  DRAIN (348 o) ---
 $DN,3,216,44028,cpu,130,32,270,440*66
desknode> pc $DN,3,217,44028,gpu,70,480,510,5950*53
desknode> pc $DN,3,218,44028,ram,506,319*4E
desknode> pc $DN,3,219,44028,net,1,1*46
desknode> pc $DN,3,220,44028,disk,2,10631,3622,9181*25
desknode> I (2284661) desknode: up 2280 s — vsync=85335 — flush=10805 cycles=4600 — PSRAM libre 7768084 o

--- 2026-08-26 14:23:22.183  DRAIN (1 o) ---
p
--- 2026-08-26 14:23:22.184  DRAIN (2 o) ---
c 
--- 2026-08-26 14:23:22.184  DRAIN (2 o) ---
$D
--- 2026-08-26 14:23:22.184  DRAIN (1 o) ---
N
--- 2026-08-26 14:23:23.177  DRAIN (240 o) ---
,3,221,45030,cpu,75,32,194,440*53
desknode> pc $DN,3,222,45030,gpu,30,480,510,5940*58
desknode> pc $DN,3,223,45030,ram,506,319*4E
desknode> pc $DN,3,224,45030,net,0,0*40
desknode> pc $DN,3,225,45030,disk,0,10631,3622,9181*2A
desknode> 
--- 2026-08-26 14:23:23.177  DRAIN (1 o) ---
p
--- 2026-08-26 14:23:23.177  DRAIN (1 o) ---
c
--- 2026-08-26 14:23:24.189  DRAIN (244 o) ---
 $DN,3,226,46024,cpu,93,32,172,440*52
desknode> pc $DN,3,227,46024,gpu,30,490,510,5950*5B
desknode> pc $DN,3,228,46024,ram,505,319*40
desknode> pc $DN,3,229,46024,net,1,1*4B
desknode> pc $DN,3,230,46024,disk,1,10631,3622,9181*29
desknode> 
--- 2026-08-26 14:23:24.189  DRAIN (1 o) ---
p
--- 2026-08-26 14:23:24.189  DRAIN (2 o) ---
c 
--- 2026-08-26 14:23:24.190  DRAIN (1 o) ---
$
--- 2026-08-26 14:23:25.191  DRAIN (247 o) ---
DN,3,231,47035,cpu,143,16,318,443*62
desknode> pc $DN,3,232,47035,gpu,100,480,510,5950*6D
desknode> pc $DN,3,233,47035,ram,505,319*4B
desknode> pc $DN,3,234,47035,net,70,144*70
desknode> pc $DN,3,235,47035,disk,1,10631,3622,9181*2D
desknode> 
--- 2026-08-26 14:23:25.192  DRAIN (1 o) ---
p
--- 2026-08-26 14:23:25.192  DRAIN (2 o) ---
c 
--- 2026-08-26 14:23:25.192  DRAIN (1 o) ---
$
--- 2026-08-26 14:23:26.186  DRAIN (242 o) ---
DN,3,236,48038,cpu,94,22,250,443*56
desknode> pc $DN,3,237,48038,gpu,10,490,510,5950*5B
desknode> pc $DN,3,238,48038,ram,505,319*42
desknode> pc $DN,3,239,48038,net,0,0*49
desknode> pc $DN,3,240,48038,disk,0,10625,3626,9179*2A
desknode> 
--- 2026-08-26 14:23:26.186  DRAIN (1 o) ---
p
--- 2026-08-26 14:23:26.186  DRAIN (1 o) ---
c
--- 2026-08-26 14:23:26.186  DRAIN (1 o) ---
 
--- 2026-08-26 14:23:26.187  DRAIN (1 o) ---
$
--- 2026-08-26 14:23:27.192  DRAIN (242 o) ---
DN,3,241,49032,cpu,72,28,221,443*59
desknode> pc $DN,3,242,49032,gpu,50,480,510,5950*57
desknode> pc $DN,3,243,49032,ram,505,319*45
desknode> pc $DN,3,244,49032,net,0,0*48
desknode> pc $DN,3,245,49032,disk,0,10625,3626,9179*24
desknode> 
--- 2026-08-26 14:23:27.193  DRAIN (1 o) ---
p
--- 2026-08-26 14:23:27.193  DRAIN (1 o) ---
c
--- 2026-08-26 14:23:27.193  DRAIN (2 o) ---
 $
--- 2026-08-26 14:23:27.193  DRAIN (1 o) ---
D
--- 2026-08-26 14:23:28.190  DRAIN (241 o) ---
N,3,246,50039,cpu,80,31,246,443*59
desknode> pc $DN,3,247,50039,gpu,50,480,510,5950*51
desknode> pc $DN,3,248,50039,ram,505,319*4D
desknode> pc $DN,3,249,50039,net,1,1*46
desknode> pc $DN,3,250,50039,disk,0,10625,3626,9179*23
desknode> 
--- 2026-08-26 14:23:28.190  DRAIN (1 o) ---
p
--- 2026-08-26 14:23:28.191  DRAIN (1 o) ---
c
--- 2026-08-26 14:23:28.191  DRAIN (2 o) ---
 $
--- 2026-08-26 14:23:28.191  DRAIN (2 o) ---
DN
--- 2026-08-26 14:23:29.195  DRAIN (240 o) ---
,3,251,51037,cpu,67,31,203,440*5B
desknode> pc $DN,3,252,51037,gpu,60,480,510,5960*5A
desknode> pc $DN,3,253,51037,ram,505,319*48
desknode> pc $DN,3,254,51037,net,4,6*47
desknode> pc $DN,3,255,51037,disk,2,10625,3626,9179*2B
desknode> 
--- 2026-08-26 14:23:29.195  DRAIN (1 o) ---
p
--- 2026-08-26 14:23:29.195  DRAIN (1 o) ---
c
--- 2026-08-26 14:23:29.196  DRAIN (2 o) ---
 $
--- 2026-08-26 14:23:29.196  DRAIN (2 o) ---
DN
--- 2026-08-26 14:23:30.186  DRAIN (272 o) ---
,3,256,52041,cpu,94,21,215,440*54
desknode> pc $DN,3,257,52041,gpu,30,490,desknode> 510,5960*59
Unrecognized command
desknode> pc $DN,3,258,52041,ram,505,319*41
desknode> pc $DN,3,259,52041,net,0,0*4A
desknode> pc $DN,3,260,52041,disk,0,10633,3634,9187*28
desknode> 
--- 2026-08-26 14:23:30.187  DRAIN (8 o) ---
pc $DN,3
--- 2026-08-26 14:23:30.187  DRAIN (2 o) ---
,2
--- 2026-08-26 14:23:30.187  DRAIN (1 o) ---
6
--- 2026-08-26 14:23:30.188  DRAIN (2 o) ---
1,
--- 2026-08-26 14:23:31.186  DRAIN (234 o) ---
53032,cpu,84,32,221,440*51
desknode> pc $DN,3,262,53032,gpu,130,480,510,5950*69
desknode> pc $DN,3,263,53032,ram,505,319*4C
desknode> pc $DN,3,264,53032,net,1,1*41
desknode> pc $DN,3,265,53032,disk,1,10633,3634,9187*29
desknode> 
--- 2026-08-26 14:23:31.186  DRAIN (1 o) ---
p
--- 2026-08-26 14:23:31.187  DRAIN (2 o) ---
c 
--- 2026-08-26 14:23:31.187  DRAIN (2 o) ---
$D
--- 2026-08-26 14:23:32.192  DRAIN (344 o) ---
N,3,266,54033,cpu,79,32,290,440*58
desknode> pc $DN,3,267,54033,gpu,80,480,510,5950*50
desknode> pc $DN,3,268,54033,ram,505,319*41
desknode> pc $DN,3,269,54033,net,0,0*4A
desknode> pc $DN,3,270,54033,disk,0,10633,3634,9187*2A
desknode> I (2294663) desknode: up 2290 s — vsync=85709 — flush=10856 cycles=4622 — PSRAM libre 7768084 o

--- 2026-08-26 14:23:32.193  DRAIN (1 o) ---
p
--- 2026-08-26 14:23:32.193  DRAIN (1 o) ---
c
--- 2026-08-26 14:23:32.193  DRAIN (2 o) ---
 $
--- 2026-08-26 14:23:32.193  DRAIN (2 o) ---
DN
--- 2026-08-26 14:23:33.187  DRAIN (240 o) ---
,3,271,55039,cpu,59,32,174,440*5E
desknode> pc $DN,3,272,55039,gpu,60,480,510,5950*51
desknode> pc $DN,3,273,55039,ram,505,319*40
desknode> pc $DN,3,274,55039,net,0,0*4D
desknode> pc $DN,3,275,55039,disk,1,10633,3634,9187*25
desknode> 
--- 2026-08-26 14:23:33.188  DRAIN (1 o) ---
p
--- 2026-08-26 14:23:33.188  DRAIN (1 o) ---
c
--- 2026-08-26 14:23:33.188  DRAIN (1 o) ---
 
--- 2026-08-26 14:23:34.185  DRAIN (244 o) ---
$DN,3,276,56034,cpu,62,29,231,440*57
desknode> pc $DN,3,277,56034,gpu,120,480,510,5950*6F
desknode> pc $DN,3,278,56034,ram,505,319*45
desknode> pc $DN,3,279,56034,net,0,0*4E
desknode> pc $DN,3,280,56034,disk,4,10623,3637,9178*26
desknode> 
--- 2026-08-26 14:23:34.185  DRAIN (1 o) ---
p
--- 2026-08-26 14:23:34.185  DRAIN (1 o) ---
c
--- 2026-08-26 14:23:34.186  DRAIN (2 o) ---
 $
--- 2026-08-26 14:23:34.186  DRAIN (2 o) ---
DN
--- 2026-08-26 14:23:35.191  DRAIN (240 o) ---
,3,281,57032,cpu,99,21,203,440*55
desknode> pc $DN,3,282,57032,gpu,70,480,510,5960*55
desknode> pc $DN,3,283,57032,ram,505,319*46
desknode> pc $DN,3,284,57032,net,0,0*4B
desknode> pc $DN,3,285,57032,disk,0,10623,3637,9178*20
desknode> 
--- 2026-08-26 14:23:35.192  DRAIN (1 o) ---
p
--- 2026-08-26 14:23:35.192  DRAIN (1 o) ---
c
--- 2026-08-26 14:23:35.192  DRAIN (2 o) ---
 $
--- 2026-08-26 14:23:36.190  DRAIN (242 o) ---
DN,3,286,58038,cpu,82,21,154,440*5C
desknode> pc $DN,3,287,58038,gpu,50,490,510,5960*56
desknode> pc $DN,3,288,58038,ram,505,319*48
desknode> pc $DN,3,289,58038,net,0,0*43
desknode> pc $DN,3,290,58038,disk,0,10623,3637,9178*21
desknode> 
--- 2026-08-26 14:23:36.190  DRAIN (1 o) ---
p
--- 2026-08-26 14:23:36.190  DRAIN (1 o) ---
c
--- 2026-08-26 14:23:36.191  DRAIN (1 o) ---
 
--- 2026-08-26 14:23:36.191  DRAIN (3 o) ---
$DN
--- 2026-08-26 14:23:37.186  DRAIN (240 o) ---
,3,291,59037,cpu,87,21,183,435*59
desknode> pc $DN,3,292,59037,gpu,50,480,510,5950*5E
desknode> pc $DN,3,293,59037,ram,506,319*4F
desknode> pc $DN,3,294,59037,net,0,0*41
desknode> pc $DN,3,295,59037,disk,2,10623,3637,9178*28
desknode> 
--- 2026-08-26 14:23:37.187  DRAIN (1 o) ---
p
--- 2026-08-26 14:23:37.187  DRAIN (1 o) ---
c
--- 2026-08-26 14:23:37.187  DRAIN (2 o) ---
 $
--- 2026-08-26 14:23:37.187  DRAIN (2 o) ---
DN
--- 2026-08-26 14:23:38.188  DRAIN (240 o) ---
,3,296,60033,cpu,74,32,172,435*50
desknode> pc $DN,3,297,60033,gpu,30,490,510,5970*50
desknode> pc $DN,3,298,60033,ram,506,319*4A
desknode> pc $DN,3,299,60033,net,0,0*42
desknode> pc $DN,3,300,60033,disk,1,10620,3627,9170*22
desknode> 
--- 2026-08-26 14:23:38.188  DRAIN (1 o) ---
p
--- 2026-08-26 14:23:38.188  DRAIN (1 o) ---
c
--- 2026-08-26 14:23:38.188  DRAIN (1 o) ---
 
--- 2026-08-26 14:23:39.194  DRAIN (243 o) ---
$DN,3,301,61034,cpu,92,18,278,435*50
desknode> pc $DN,3,302,61034,gpu,90,490,510,5970*51
desknode> pc $DN,3,303,61034,ram,506,319*4F
desknode> pc $DN,3,304,61034,net,0,0*41
desknode> pc $DN,3,305,61034,disk,1,10620,3627,9170*21
desknode> 
--- 2026-08-26 14:23:39.195  DRAIN (1 o) ---
p
--- 2026-08-26 14:23:39.195  DRAIN (1 o) ---
c
--- 2026-08-26 14:23:39.195  DRAIN (1 o) ---
 
--- 2026-08-26 14:23:39.195  DRAIN (2 o) ---
$D
--- 2026-08-26 14:23:40.179  DRAIN (242 o) ---
N,3,306,62041,cpu,91,12,164,435*51
desknode> pc $DN,3,307,62041,gpu,100,490,510,5970*6D
desknode> pc $DN,3,308,62041,ram,505,319*46
desknode> pc $DN,3,309,62041,net,2,3*4C
desknode> pc $DN,3,310,62041,disk,1,10620,3627,9170*24
desknode> 
--- 2026-08-26 14:23:40.179  DRAIN (1 o) ---
p
--- 2026-08-26 14:23:40.180  DRAIN (1 o) ---
c
--- 2026-08-26 14:23:40.180  DRAIN (1 o) ---
 
--- 2026-08-26 14:23:41.184  DRAIN (247 o) ---
$DN,3,311,63026,cpu,146,25,250,433*6A
desknode> pc $DN,3,312,63026,gpu,50,490,510,5970*5D
desknode> pc $DN,3,313,63026,ram,505,319*4C
desknode> pc $DN,3,314,63026,net,71,144*76
desknode> pc $DN,3,315,63026,disk,0,10620,3627,9170*20
desknode> 
--- 2026-08-26 14:23:41.185  DRAIN (1 o) ---
p
--- 2026-08-26 14:23:41.185  DRAIN (1 o) ---
c
--- 2026-08-26 14:23:41.185  DRAIN (2 o) ---
 $
--- 2026-08-26 14:23:41.185  DRAIN (1 o) ---
D
--- 2026-08-26 14:23:42.186  DRAIN (344 o) ---
N,3,316,64031,cpu,85,31,254,433*53
desknode> pc $DN,3,317,64031,gpu,90,480,510,5960*55
desknode> pc $DN,3,318,64031,ram,505,319*46
desknode> pc $DN,3,319,64031,net,1,1*4D
desknode> pc $DN,3,320,64031,disk,0,10624,3616,9168*28
desknode> I (2304665) desknode: up 2300 s — vsync=86083 — flush=10908 cycles=4644 — PSRAM libre 7768084 o

--- 2026-08-26 14:23:42.186  DRAIN (1 o) ---
p
--- 2026-08-26 14:23:42.187  DRAIN (1 o) ---
c
--- 2026-08-26 14:23:42.187  DRAIN (2 o) ---
 $
--- 2026-08-26 14:23:42.187  DRAIN (1 o) ---
D
--- 2026-08-26 14:23:43.180  DRAIN (242 o) ---
N,3,321,65033,cpu,95,21,250,433*50
desknode> pc $DN,3,322,65033,gpu,140,480,510,5970*6D
desknode> pc $DN,3,323,65033,ram,505,319*4D
desknode> pc $DN,3,324,65033,net,0,0*40
desknode> pc $DN,3,325,65033,disk,1,10624,3616,9168*2F
desknode> 
--- 2026-08-26 14:23:43.181  DRAIN (1 o) ---
p
--- 2026-08-26 14:23:43.181  DRAIN (1 o) ---
c
--- 2026-08-26 14:23:44.174  DRAIN (244 o) ---
 $DN,3,326,66027,cpu,64,32,172,433*5E
desknode> pc $DN,3,327,66027,gpu,40,480,510,5980*50
desknode> pc $DN,3,328,66027,ram,505,319*40
desknode> pc $DN,3,329,66027,net,3,4*4C
desknode> pc $DN,3,330,66027,disk,2,10624,3616,9168*2E
desknode> 
--- 2026-08-26 14:23:44.175  DRAIN (1 o) ---
p
--- 2026-08-26 14:23:44.175  DRAIN (1 o) ---
c
--- 2026-08-26 14:23:45.181  DRAIN (244 o) ---
 $DN,3,331,67021,cpu,98,32,185,438*5F
desknode> pc $DN,3,332,67021,gpu,40,480,510,5970*5C
desknode> pc $DN,3,333,67021,ram,505,319*4D
desknode> pc $DN,3,334,67021,net,0,0*40
desknode> pc $DN,3,335,67021,disk,0,10624,3616,9168*2E
desknode> 
--- 2026-08-26 14:23:45.181  DRAIN (1 o) ---
p
--- 2026-08-26 14:23:45.181  DRAIN (1 o) ---
c
--- 2026-08-26 14:23:45.181  DRAIN (1 o) ---
 
--- 2026-08-26 14:23:46.199  DRAIN (243 o) ---
$DN,3,336,68027,cpu,45,16,156,438*59
desknode> pc $DN,3,337,68027,gpu,40,490,510,5970*51
desknode> pc $DN,3,338,68027,ram,505,319*4F
desknode> pc $DN,3,339,68027,net,0,0*44
desknode> pc $DN,3,340,68027,disk,1,10612,3615,9170*2B
desknode> 
--- 2026-08-26 14:23:46.200  DRAIN (1 o) ---
p
--- 2026-08-26 14:23:46.200  DRAIN (1 o) ---
c
--- 2026-08-26 14:23:46.200  DRAIN (2 o) ---
 $
--- 2026-08-26 14:23:47.194  DRAIN (243 o) ---
DN,3,341,69046,cpu,102,12,200,438*69
desknode> pc $DN,3,342,69046,gpu,30,490,510,5980*5D
desknode> pc $DN,3,343,69046,ram,505,319*45
desknode> pc $DN,3,344,69046,net,0,0*48
desknode> pc $DN,3,345,69046,disk,2,10612,3615,9170*2B
desknode> 
--- 2026-08-26 14:23:47.194  DRAIN (1 o) ---
p
--- 2026-08-26 14:23:47.195  DRAIN (1 o) ---
c
--- 2026-08-26 14:23:47.195  DRAIN (3 o) ---
 $D
--- 2026-08-26 14:23:48.189  DRAIN (242 o) ---
N,3,346,70041,cpu,59,16,169,438*56
desknode> pc $DN,3,347,70041,gpu,110,480,510,5980*65
desknode> pc $DN,3,348,70041,ram,505,319*41
desknode> pc $DN,3,349,70041,net,0,0*4A
desknode> pc $DN,3,350,70041,disk,8,10612,3615,9170*2A
desknode> 
--- 2026-08-26 14:23:48.190  DRAIN (1 o) ---
p
--- 2026-08-26 14:23:48.190  DRAIN (1 o) ---
c
--- 2026-08-26 14:23:48.190  DRAIN (1 o) ---
 
--- 2026-08-26 14:23:48.190  DRAIN (2 o) ---
$D
--- 2026-08-26 14:23:49.179  DRAIN (241 o) ---
N,3,351,71036,cpu,84,25,217,440*54
desknode> pc $DN,3,352,71036,gpu,50,490,510,5970*5B
desknode> pc $DN,3,353,71036,ram,505,319*4A
desknode> pc $DN,3,354,71036,net,0,0*47
desknode> pc $DN,3,355,71036,disk,2,10612,3615,9170*24
desknode> 
--- 2026-08-26 14:23:49.179  DRAIN (1 o) ---
p
--- 2026-08-26 14:23:49.179  DRAIN (1 o) ---
c
--- 2026-08-26 14:23:49.179  DRAIN (1 o) ---
 
--- 2026-08-26 14:23:49.180  DRAIN (2 o) ---
$D
--- 2026-08-26 14:23:50.183  DRAIN (241 o) ---
N,3,356,72025,cpu,65,32,179,440*50
desknode> pc $DN,3,357,72025,gpu,20,480,510,5970*59
desknode> pc $DN,3,358,72025,ram,505,319*40
desknode> pc $DN,3,359,72025,net,0,0*4B
desknode> pc $DN,3,360,72025,disk,0,10620,3626,9160*21
desknode> 
--- 2026-08-26 14:23:50.183  DRAIN (1 o) ---
p
--- 2026-08-26 14:23:50.183  DRAIN (1 o) ---
c
--- 2026-08-26 14:23:50.183  DRAIN (1 o) ---
 
--- 2026-08-26 14:23:50.184  DRAIN (2 o) ---
$D
--- 2026-08-26 14:23:51.189  DRAIN (242 o) ---
N,3,361,73029,cpu,56,32,154,440*56
desknode> pc $DN,3,362,73029,gpu,110,480,510,5980*6F
desknode> pc $DN,3,363,73029,ram,505,319*45
desknode> pc $DN,3,364,73029,net,0,0*48
desknode> pc $DN,3,365,73029,disk,0,10620,3626,9160*29
desknode> 
--- 2026-08-26 14:23:51.189  DRAIN (1 o) ---
p
--- 2026-08-26 14:23:51.190  DRAIN (2 o) ---
c 
--- 2026-08-26 14:23:51.190  DRAIN (2 o) ---
$D
--- 2026-08-26 14:23:51.190  DRAIN (2 o) ---
N,
--- 2026-08-26 14:23:52.183  DRAIN (343 o) ---
3,366,74036,cpu,57,19,185,440*5C
desknode> pc $DN,3,367,74036,gpu,110,490,510,5980*62
desknode> pc $DN,3,368,74036,ram,505,319*47
desknode> pc $DN,3,369,74036,net,0,0*4C
desknode> pc $DN,3,370,74036,disk,3,10620,3626,9160*27
desknode> I (2314667) desknode: up 2310 s — vsync=86458 — flush=10960 cycles=4666 — PSRAM libre 7768084 o

--- 2026-08-26 14:23:52.184  DRAIN (1 o) ---
p
--- 2026-08-26 14:23:52.184  DRAIN (1 o) ---
c
--- 2026-08-26 14:23:52.184  DRAIN (2 o) ---
 $
--- 2026-08-26 14:23:52.184  DRAIN (1 o) ---
D
--- 2026-08-26 14:23:53.191  DRAIN (241 o) ---
N,3,371,75030,cpu,55,12,156,435*58
desknode> pc $DN,3,372,75030,gpu,60,480,510,5990*57
desknode> pc $DN,3,373,75030,ram,505,319*4A
desknode> pc $DN,3,374,75030,net,0,0*47
desknode> pc $DN,3,375,75030,disk,1,10620,3626,9160*27
desknode> 
--- 2026-08-26 14:23:53.192  DRAIN (1 o) ---
p
--- 2026-08-26 14:23:53.192  DRAIN (1 o) ---
c
--- 2026-08-26 14:23:53.192  DRAIN (2 o) ---
 $
--- 2026-08-26 14:23:54.187  DRAIN (242 o) ---
DN,3,376,76038,cpu,68,23,297,435*56
desknode> pc $DN,3,377,76038,gpu,50,480,510,5990*5A
desknode> pc $DN,3,378,76038,ram,505,319*4A
desknode> pc $DN,3,379,76038,net,0,0*41
desknode> pc $DN,3,380,76038,disk,0,10609,3625,9151*2D
desknode> 
--- 2026-08-26 14:23:54.187  DRAIN (1 o) ---
p
--- 2026-08-26 14:23:54.187  DRAIN (1 o) ---
c
--- 2026-08-26 14:23:54.187  DRAIN (1 o) ---
 
--- 2026-08-26 14:23:55.179  DRAIN (243 o) ---
$DN,3,381,77033,cpu,72,23,185,435*5F
desknode> pc $DN,3,382,77033,gpu,80,490,500,5980*56
desknode> pc $DN,3,383,77033,ram,505,319*44
desknode> pc $DN,3,384,77033,net,3,5*4F
desknode> pc $DN,3,385,77033,disk,0,10609,3625,9151*22
desknode> 
--- 2026-08-26 14:23:55.180  DRAIN (1 o) ---
p
--- 2026-08-26 14:23:55.180  DRAIN (1 o) ---
c
--- 2026-08-26 14:23:56.192  DRAIN (244 o) ---
 $DN,3,386,78026,cpu,65,32,200,435*5B
desknode> pc $DN,3,387,78026,gpu,60,480,510,5990*57
desknode> pc $DN,3,388,78026,ram,505,319*44
desknode> pc $DN,3,389,78026,net,2,1*4C
desknode> pc $DN,3,390,78026,disk,0,10609,3625,9151*2D
desknode> 
--- 2026-08-26 14:23:56.192  DRAIN (2 o) ---
pc
--- 2026-08-26 14:23:56.193  DRAIN (2 o) ---
 $
--- 2026-08-26 14:23:56.193  DRAIN (3 o) ---
DN,
--- 2026-08-26 14:23:56.194  DRAIN (2 o) ---
3,
--- 2026-08-26 14:23:57.188  DRAIN (237 o) ---
391,79039,cpu,50,12,108,438*50
desknode> pc $DN,3,392,79039,gpu,50,490,510,5990*5E
desknode> pc $DN,3,393,79039,ram,505,319*41
desknode> pc $DN,3,394,79039,net,0,0*4C
desknode> pc $DN,3,395,79039,disk,1,10609,3625,9151*26
desknode> 
--- 2026-08-26 14:23:57.188  DRAIN (1 o) ---
p
--- 2026-08-26 14:23:57.189  DRAIN (1 o) ---
c
--- 2026-08-26 14:23:57.189  DRAIN (1 o) ---
 
--- 2026-08-26 14:23:57.189  DRAIN (1 o) ---
$
--- 2026-08-26 14:23:58.187  DRAIN (242 o) ---
DN,3,396,80035,cpu,68,32,185,438*51
desknode> pc $DN,3,397,80035,gpu,80,480,510,5990*5D
desknode> pc $DN,3,398,80035,ram,505,319*40
desknode> pc $DN,3,399,80035,net,0,0*4B
desknode> pc $DN,3,400,80035,disk,0,10616,3626,9167*2E
desknode> 
--- 2026-08-26 14:23:58.187  DRAIN (1 o) ---
p
--- 2026-08-26 14:23:58.187  DRAIN (1 o) ---
c
--- 2026-08-26 14:23:58.187  DRAIN (2 o) ---
 $
--- 2026-08-26 14:23:58.188  DRAIN (2 o) ---
DN
--- 2026-08-26 14:23:59.193  DRAIN (240 o) ---
,3,401,81033,cpu,51,32,152,438*5F
desknode> pc $DN,3,402,81033,gpu,20,490,510,5980*5B
desknode> pc $DN,3,403,81033,ram,505,319*42
desknode> pc $DN,3,404,81033,net,0,0*4F
desknode> pc $DN,3,405,81033,disk,4,10616,3626,9167*28
desknode> 
--- 2026-08-26 14:23:59.193  DRAIN (1 o) ---
p
--- 2026-08-26 14:23:59.194  DRAIN (1 o) ---
c
--- 2026-08-26 14:23:59.194  DRAIN (2 o) ---
 $
--- 2026-08-26 14:23:59.194  DRAIN (1 o) ---
D
--- 2026-08-26 14:24:00.203  DRAIN (241 o) ---
N,3,406,82040,cpu,78,32,169,438*5C
desknode> pc $DN,3,407,82040,gpu,60,490,510,5970*52
desknode> pc $DN,3,408,82040,ram,505,319*4E
desknode> pc $DN,3,409,82040,net,0,0*45
desknode> pc $DN,3,410,82040,disk,0,10616,3626,9167*2F
desknode> 
--- 2026-08-26 14:24:00.204  DRAIN (1 o) ---
p
--- 2026-08-26 14:24:00.204  DRAIN (1 o) ---
c
--- 2026-08-26 14:24:01.189  DRAIN (245 o) ---
 $DN,3,411,83050,cpu,65,12,190,435*5F
desknode> pc $DN,3,412,83050,gpu,100,480,510,5980*6F
desknode> pc $DN,3,413,83050,ram,506,319*47
desknode> pc $DN,3,414,83050,net,0,0*49
desknode> pc $DN,3,415,83050,disk,1,10616,3626,9167*2B
desknode> 
--- 2026-08-26 14:24:01.189  DRAIN (1 o) ---
p
--- 2026-08-26 14:24:01.189  DRAIN (1 o) ---
c
--- 2026-08-26 14:24:01.190  DRAIN (2 o) ---
 $
--- 2026-08-26 14:24:01.190  DRAIN (2 o) ---
DN
--- 2026-08-26 14:24:02.186  DRAIN (343 o) ---
,3,416,84035,cpu,92,21,250,435*5B
desknode> pc $DN,3,417,84035,gpu,30,480,510,5980*5C
desknode> pc $DN,3,418,84035,ram,506,319*48
desknode> pc $DN,3,419,84035,net,1,1*40
desknode> pc $DN,3,420,84035,disk,0,10613,3625,9195*23
desknode> I (2324668) desknode: up 2320 s — vsync=86832 — flush=11013 cycles=4688 — PSRAM libre 7768084 o

--- 2026-08-26 14:24:02.186  DRAIN (1 o) ---
p
--- 2026-08-26 14:24:02.186  DRAIN (1 o) ---
c
--- 2026-08-26 14:24:02.187  DRAIN (1 o) ---
 
--- 2026-08-26 14:24:03.183  DRAIN (243 o) ---
$DN,3,421,85033,cpu,63,21,250,435*56
desknode> pc $DN,3,422,85033,gpu,30,490,510,6000*5E
desknode> pc $DN,3,423,85033,ram,506,319*47
desknode> pc $DN,3,424,85033,net,0,0*49
desknode> pc $DN,3,425,85033,disk,0,10613,3625,9195*21
desknode> 
--- 2026-08-26 14:24:03.183  DRAIN (2 o) ---
pc
--- 2026-08-26 14:24:03.183  DRAIN (1 o) ---
 
--- 2026-08-26 14:24:03.183  DRAIN (1 o) ---
$
--- 2026-08-26 14:24:03.183  DRAIN (1 o) ---
D
--- 2026-08-26 14:24:04.187  DRAIN (241 o) ---
N,3,426,86029,cpu,61,23,172,435*5A
desknode> pc $DN,3,427,86029,gpu,80,480,510,6000*59
desknode> pc $DN,3,428,86029,ram,506,319*44
desknode> pc $DN,3,429,86029,net,0,0*4C
desknode> pc $DN,3,430,86029,disk,5,10613,3625,9195*28
desknode> 
--- 2026-08-26 14:24:04.188  DRAIN (2 o) ---
pc
--- 2026-08-26 14:24:04.188  DRAIN (3 o) ---
 $D
--- 2026-08-26 14:24:04.189  DRAIN (2 o) ---
N,
--- 2026-08-26 14:24:04.189  DRAIN (3 o) ---
3,4
--- 2026-08-26 14:24:05.193  DRAIN (236 o) ---
31,87034,cpu,62,19,169,438*5C
desknode> pc $DN,3,432,87034,gpu,90,480,510,6000*51
desknode> pc $DN,3,433,87034,ram,505,319*40
desknode> pc $DN,3,434,87034,net,0,0*4D
desknode> pc $DN,3,435,87034,disk,0,10613,3625,9195*25
desknode> 
--- 2026-08-26 14:24:05.194  DRAIN (1 o) ---
p
--- 2026-08-26 14:24:05.194  DRAIN (1 o) ---
c
--- 2026-08-26 14:24:05.194  DRAIN (1 o) ---
 
--- 2026-08-26 14:24:06.194  DRAIN (243 o) ---
$DN,3,436,88040,cpu,67,12,222,438*55
desknode> pc $DN,3,437,88040,gpu,30,490,510,5990*50
desknode> pc $DN,3,438,88040,ram,505,319*47
desknode> pc $DN,3,439,88040,net,0,0*4C
desknode> pc $DN,3,440,88040,disk,0,10625,3628,9196*20
desknode> 
--- 2026-08-26 14:24:06.194  DRAIN (1 o) ---
p
--- 2026-08-26 14:24:06.195  DRAIN (1 o) ---
c
--- 2026-08-26 14:24:06.195  DRAIN (3 o) ---
 $D
--- 2026-08-26 14:24:06.195  DRAIN (3 o) ---
N,3
--- 2026-08-26 14:24:07.189  DRAIN (238 o) ---
,441,89041,cpu,71,26,185,438*5B
desknode> pc $DN,3,442,89041,gpu,60,480,510,5990*56
desknode> pc $DN,3,443,89041,ram,506,319*48
desknode> pc $DN,3,444,89041,net,0,0*46
desknode> pc $DN,3,445,89041,disk,2,10625,3628,9196*27
desknode> 
--- 2026-08-26 14:24:07.190  DRAIN (1 o) ---
p
--- 2026-08-26 14:24:07.190  DRAIN (2 o) ---
c 
--- 2026-08-26 14:24:07.190  DRAIN (1 o) ---
$
--- 2026-08-26 14:24:07.190  DRAIN (2 o) ---
DN
--- 2026-08-26 14:24:08.196  DRAIN (240 o) ---
,3,446,90036,cpu,68,32,219,438*5F
desknode> pc $DN,3,447,90036,gpu,50,480,510,5980*59
desknode> pc $DN,3,448,90036,ram,505,319*48
desknode> pc $DN,3,449,90036,net,0,0*43
desknode> pc $DN,3,450,90036,disk,0,10625,3628,9196*29
desknode> 
--- 2026-08-26 14:24:08.196  DRAIN (1 o) ---
p
--- 2026-08-26 14:24:08.197  DRAIN (1 o) ---
c
--- 2026-08-26 14:24:08.197  DRAIN (1 o) ---
 
--- 2026-08-26 14:24:08.197  DRAIN (2 o) ---
$D
--- 2026-08-26 14:24:09.190  DRAIN (241 o) ---
N,3,451,91043,cpu,82,25,188,430*5B
desknode> pc $DN,3,452,91043,gpu,30,480,510,5980*58
desknode> pc $DN,3,453,91043,ram,505,319*41
desknode> pc $DN,3,454,91043,net,0,0*4C
desknode> pc $DN,3,455,91043,disk,2,10625,3628,9196*2D
desknode> 
--- 2026-08-26 14:24:09.190  DRAIN (1 o) ---
p
--- 2026-08-26 14:24:09.191  DRAIN (1 o) ---
c
--- 2026-08-26 14:24:09.191  DRAIN (2 o) ---
 $
--- 2026-08-26 14:24:09.191  DRAIN (2 o) ---
DN
--- 2026-08-26 14:24:10.187  DRAIN (240 o) ---
,3,456,92037,cpu,90,32,217,430*5C
desknode> pc $DN,3,457,92037,gpu,90,480,510,5980*57
desknode> pc $DN,3,458,92037,ram,505,319*4A
desknode> pc $DN,3,459,92037,net,0,0*41
desknode> pc $DN,3,460,92037,disk,0,10623,3643,9181*24
desknode> 
--- 2026-08-26 14:24:10.188  DRAIN (1 o) ---
p
--- 2026-08-26 14:24:10.188  DRAIN (1 o) ---
c
--- 2026-08-26 14:24:10.188  DRAIN (1 o) ---
 
--- 2026-08-26 14:24:10.188  DRAIN (2 o) ---
$D
--- 2026-08-26 14:24:11.184  DRAIN (241 o) ---
N,3,461,93034,cpu,56,21,200,430*54
desknode> pc $DN,3,462,93034,gpu,60,490,510,5990*5C
desknode> pc $DN,3,463,93034,ram,505,319*40
desknode> pc $DN,3,464,93034,net,2,1*4E
desknode> pc $DN,3,465,93034,disk,3,10623,3643,9181*20
desknode> 
--- 2026-08-26 14:24:11.185  DRAIN (1 o) ---
p
--- 2026-08-26 14:24:11.185  DRAIN (1 o) ---
c
--- 2026-08-26 14:24:11.185  DRAIN (2 o) ---
 $
--- 2026-08-26 14:24:12.180  DRAIN (408 o) ---
Ddesknode> N,3,466,94031,cpu,45,32,138,430*59
Unrecognized command
desknode> pc $DN,3,467,94031,gpu,80,480,510,5980*55
desknode> pc $DN,3,468,94031,ram,505,319*49
desknode> pc $DN,3,469,94031,net,0,0*42
desknode> pc $DN,3,470,94031,desknode> isk,0,10623,3643,9181*25
Unrecognized command
desknode> I (2334670) desknode: up 2330 s — vsync=87206 — flush=11063 cycles=4710 — PSRAM libre 7768084 o

--- 2026-08-26 14:24:12.180  DRAIN (1 o) ---
p
--- 2026-08-26 14:24:12.180  DRAIN (2 o) ---
c 
--- 2026-08-26 14:24:12.181  DRAIN (2 o) ---
$D
--- 2026-08-26 14:24:12.181  DRAIN (3 o) ---
N,3
--- 2026-08-26 14:24:13.191  DRAIN (270 o) ---
,471,95027,cpu,76,32,175,435*55
desknode> pc $DN,3,472,95027,gpu,80,480,510,5990*56
desknode> pc $DN,3,473,desknode> 95027,ram,506,319*46
Unrecognized command
desknode> pc $DN,3,474,95027,net,0,0*48
desknode> pc $DN,3,475,95027,disk,1,10623,3643,9181*27
desknode> 
--- 2026-08-26 14:24:13.191  DRAIN (1 o) ---
p
--- 2026-08-26 14:24:13.191  DRAIN (2 o) ---
c 
--- 2026-08-26 14:24:13.192  DRAIN (2 o) ---
$D
--- 2026-08-26 14:24:13.192  DRAIN (3 o) ---
N,3
--- 2026-08-26 14:24:14.186  DRAIN (270 o) ---
,476,96037,cpu,65,16,219,435*5D
desknode> pc $DN,3,477,96037,gpu,30,480,510,5980*5B
desknode> pc $DN,3,478,96037,ram,506,319*4F
desknode> pc $DN,3,479,96037,net,1,1*47
desknode> pc $DN,3,480,desknode> 96037,disk,2,10629,3639,9176*23
Unrecognized command
desknode> 
--- 2026-08-26 14:24:14.186  DRAIN (3 o) ---
pc 
--- 2026-08-26 14:24:14.187  DRAIN (2 o) ---
$D
--- 2026-08-26 14:24:14.187  DRAIN (3 o) ---
N,3
--- 2026-08-26 14:24:14.188  DRAIN (2 o) ---
,4
--- 2026-08-26 14:24:15.188  DRAIN (237 o) ---
81,97033,cpu,122,32,323,435*6C
desknode> pc $DN,3,482,97033,gpu,70,490,510,5980*51
desknode> pc $DN,3,483,97033,ram,506,319*4E
desknode> pc $DN,3,484,97033,net,0,0*40
desknode> pc $DN,3,485,97033,disk,0,10629,3639,9176*21
desknode> 
--- 2026-08-26 14:24:15.188  DRAIN (1 o) ---
p
--- 2026-08-26 14:24:15.188  DRAIN (1 o) ---
c
--- 2026-08-26 14:24:15.189  DRAIN (2 o) ---
 $
--- 2026-08-26 14:24:16.178  DRAIN (242 o) ---
DN,3,486,98034,cpu,54,26,141,435*50
desknode> pc $DN,3,487,98034,gpu,20,490,510,5980*59
desknode> pc $DN,3,488,98034,ram,506,319*4D
desknode> pc $DN,3,489,98034,net,1,1*45
desknode> pc $DN,3,490,98034,disk,0,10629,3639,9176*2D
desknode> 
--- 2026-08-26 14:24:16.178  DRAIN (1 o) ---
p
--- 2026-08-26 14:24:16.178  DRAIN (1 o) ---
c
--- 2026-08-26 14:24:17.189  DRAIN (244 o) ---
 $DN,3,491,99024,cpu,66,32,279,435*5A
desknode> pc $DN,3,492,99024,gpu,10,490,510,5980*5E
desknode> pc $DN,3,493,99024,ram,506,319*47
desknode> pc $DN,3,494,99024,net,0,0*49
desknode> pc $DN,3,495,99024,disk,0,10629,3639,9176*28
desknode> 
--- 2026-08-26 14:24:17.189  DRAIN (1 o) ---
p
--- 2026-08-26 14:24:17.189  DRAIN (1 o) ---
c
--- 2026-08-26 14:24:17.190  DRAIN (1 o) ---
 
--- 2026-08-26 14:24:18.193  DRAIN (248 o) ---
$DN,3,496,100036,cpu,45,32,154,435*62
desknode> pc $DN,3,497,100036,gpu,90,480,510,5980*60
desknode> pc $DN,3,498,100036,ram,506,319*7E
desknode> pc $DN,3,499,100036,net,0,0*76
desknode> pc $DN,3,500,100036,disk,1,10614,3638,9202*19
desknode> 
--- 2026-08-26 14:24:18.193  DRAIN (1 o) ---
p
--- 2026-08-26 14:24:18.193  DRAIN (2 o) ---
c 
--- 2026-08-26 14:24:18.193  DRAIN (1 o) ---
$
--- 2026-08-26 14:24:18.194  DRAIN (2 o) ---
DN
--- 2026-08-26 14:24:19.177  DRAIN (245 o) ---
,3,501,101039,cpu,49,19,156,435*64
desknode> pc $DN,3,502,101039,gpu,50,490,510,5970*61
desknode> pc $DN,3,503,101039,ram,506,319*73
desknode> pc $DN,3,504,101039,net,0,0*7D
desknode> pc $DN,3,505,101039,disk,2,10614,3638,9202*11
desknode> 
--- 2026-08-26 14:24:19.177  DRAIN (1 o) ---
p
--- 2026-08-26 14:24:19.177  DRAIN (1 o) ---
c
--- 2026-08-26 14:24:19.177  DRAIN (1 o) ---
 
--- 2026-08-26 14:24:20.192  DRAIN (248 o) ---
$DN,3,506,102023,cpu,75,32,206,435*6B
desknode> pc $DN,3,507,102023,gpu,20,490,510,5960*6A
desknode> pc $DN,3,508,102023,ram,506,319*70
desknode> pc $DN,3,509,102023,net,0,0*78
desknode> pc $DN,3,510,102023,disk,0,10614,3638,9202*1F
desknode> 
--- 2026-08-26 14:24:20.193  DRAIN (1 o) ---
p
--- 2026-08-26 14:24:20.193  DRAIN (1 o) ---
c
--- 2026-08-26 14:24:20.193  DRAIN (2 o) ---
 $
--- 2026-08-26 14:24:21.177  DRAIN (247 o) ---
DN,3,511,103039,cpu,65,12,169,433*68
desknode> pc $DN,3,512,103039,gpu,70,480,510,5970*61
desknode> pc $DN,3,513,103039,ram,506,319*70
desknode> pc $DN,3,514,103039,net,0,0*7E
desknode> pc $DN,3,515,103039,disk,0,10614,3638,9202*10
desknode> 
--- 2026-08-26 14:24:21.177  DRAIN (1 o) ---
p
--- 2026-08-26 14:24:21.178  DRAIN (1 o) ---
c
--- 2026-08-26 14:24:21.178  DRAIN (1 o) ---
 
--- 2026-08-26 14:24:22.189  DRAIN (351 o) ---
$DN,3,516,104024,cpu,75,32,152,433*6F
desknode> pc $DN,3,517,104024,gpu,30,480,510,5970*6B
desknode> pc $DN,3,518,104024,ram,506,319*70
desknode> pc $DN,3,519,104024,net,0,0*78
desknode> pc $DN,3,520,104024,disk,2,10619,3639,9173*16
desknode> I (2344672) desknode: up 2340 s — vsync=87580 — flush=11113 cycles=4732 — PSRAM libre 7768084 o

--- 2026-08-26 14:24:22.190  DRAIN (1 o) ---
p
--- 2026-08-26 14:24:22.190  DRAIN (3 o) ---
c $
--- 2026-08-26 14:24:22.190  DRAIN (1 o) ---
D
--- 2026-08-26 14:24:22.191  DRAIN (3 o) ---
N,3
--- 2026-08-26 14:24:23.190  DRAIN (243 o) ---
,521,105036,cpu,61,28,203,433*60
desknode> pc $DN,3,522,105036,gpu,10,490,510,5980*63
desknode> pc $DN,3,523,105036,ram,506,319*7A
desknode> pc $DN,3,524,105036,net,0,0*74
desknode> pc $DN,3,525,105036,disk,1,10619,3639,9173*12
desknode> 
--- 2026-08-26 14:24:23.191  DRAIN (1 o) ---
p
--- 2026-08-26 14:24:23.191  DRAIN (1 o) ---
c
--- 2026-08-26 14:24:23.191  DRAIN (2 o) ---
 $
--- 2026-08-26 14:24:23.191  DRAIN (1 o) ---
D
--- 2026-08-26 14:24:24.183  DRAIN (246 o) ---
N,3,526,106037,cpu,68,18,191,433*67
desknode> pc $DN,3,527,106037,gpu,40,480,510,5970*6F
desknode> pc $DN,3,528,106037,ram,506,319*73
desknode> pc $DN,3,529,106037,net,0,0*7B
desknode> pc $DN,3,530,106037,disk,6,10619,3639,9173*13
desknode> 
--- 2026-08-26 14:24:24.183  DRAIN (1 o) ---
p
--- 2026-08-26 14:24:24.183  DRAIN (1 o) ---
c
--- 2026-08-26 14:24:24.183  DRAIN (1 o) ---
 
--- 2026-08-26 14:24:24.184  DRAIN (2 o) ---
$D
--- 2026-08-26 14:24:25.185  DRAIN (246 o) ---
N,3,531,107029,cpu,87,28,188,433*65
desknode> pc $DN,3,532,107029,gpu,30,480,510,5980*6D
desknode> pc $DN,3,533,107029,ram,506,319*77
desknode> pc $DN,3,534,107029,net,0,0*79
desknode> pc $DN,3,535,107029,disk,0,10619,3639,9173*1E
desknode> 
--- 2026-08-26 14:24:25.185  DRAIN (1 o) ---
p
--- 2026-08-26 14:24:25.186  DRAIN (4 o) ---
c $D
--- 2026-08-26 14:24:25.186  DRAIN (2 o) ---
N,
--- 2026-08-26 14:24:25.186  DRAIN (1 o) ---
3
--- 2026-08-26 14:24:26.176  DRAIN (243 o) ---
,536,108032,cpu,59,32,188,433*6F
desknode> pc $DN,3,537,108032,gpu,40,490,510,5970*64
desknode> pc $DN,3,538,108032,ram,506,319*79
desknode> pc $DN,3,539,108032,net,0,0*71
desknode> pc $DN,3,540,108032,disk,0,10582,3604,9156*11
desknode> 
--- 2026-08-26 14:24:26.177  DRAIN (1 o) ---
p
--- 2026-08-26 14:24:26.177  DRAIN (1 o) ---
c
--- 2026-08-26 14:24:26.177  DRAIN (2 o) ---
 $
--- 2026-08-26 14:24:27.185  DRAIN (248 o) ---
DN,3,541,109023,cpu,62,12,143,433*63
desknode> pc $DN,3,542,109023,gpu,100,490,510,5980*5D
desknode> pc $DN,3,543,109023,ram,506,319*74
desknode> pc $DN,3,544,109023,net,0,0*7A
desknode> pc $DN,3,545,109023,disk,1,10582,3604,9156*14
desknode> 
--- 2026-08-26 14:24:27.185  DRAIN (1 o) ---
p
--- 2026-08-26 14:24:27.186  DRAIN (1 o) ---
c
--- 2026-08-26 14:24:27.186  DRAIN (3 o) ---
 $D
--- 2026-08-26 14:24:27.186  DRAIN (1 o) ---
N
--- 2026-08-26 14:24:28.190  DRAIN (245 o) ---
,3,546,110032,cpu,78,12,188,433*60
desknode> pc $DN,3,547,110032,gpu,40,480,510,5980*64
desknode> pc $DN,3,548,110032,ram,506,319*77
desknode> pc $DN,3,549,110032,net,0,0*7F
desknode> pc $DN,3,550,110032,disk,1,10582,3604,9156*18
desknode> 
--- 2026-08-26 14:24:28.190  DRAIN (1 o) ---
p
--- 2026-08-26 14:24:28.191  DRAIN (1 o) ---
c
--- 2026-08-26 14:24:28.191  DRAIN (2 o) ---
 $
--- 2026-08-26 14:24:28.191  DRAIN (2 o) ---
DN
--- 2026-08-26 14:24:29.192  DRAIN (246 o) ---
,3,551,111037,cpu,57,28,169,435*6F
desknode> pc $DN,3,552,111037,gpu,140,480,510,5970*5A
desknode> pc $DN,3,553,111037,ram,506,319*79
desknode> pc $DN,3,554,111037,net,0,0*77
desknode> pc $DN,3,555,111037,disk,3,10582,3604,9156*1B
desknode> 
--- 2026-08-26 14:24:29.192  DRAIN (1 o) ---
p
--- 2026-08-26 14:24:29.192  DRAIN (1 o) ---
c
--- 2026-08-26 14:24:29.193  DRAIN (2 o) ---
 $
--- 2026-08-26 14:24:30.191  DRAIN (247 o) ---
DN,3,556,112039,cpu,86,32,203,435*6D
desknode> pc $DN,3,557,112039,gpu,40,480,510,5980*6C
desknode> pc $DN,3,558,112039,ram,505,319*7C
desknode> pc $DN,3,559,112039,net,0,1*76
desknode> pc $DN,3,560,112039,disk,0,10322,3416,9100*1D
desknode> 
--- 2026-08-26 14:24:30.191  DRAIN (1 o) ---
p
--- 2026-08-26 14:24:30.191  DRAIN (1 o) ---
c
--- 2026-08-26 14:24:30.192  DRAIN (2 o) ---
 $
--- 2026-08-26 14:24:30.192  DRAIN (2 o) ---
DN
--- 2026-08-26 14:24:31.200  DRAIN (245 o) ---
,3,561,113037,cpu,81,26,209,435*6E
desknode> pc $DN,3,562,113037,gpu,80,480,510,5960*67
desknode> pc $DN,3,563,113037,ram,506,319*78
desknode> pc $DN,3,564,113037,net,0,0*76
desknode> pc $DN,3,565,113037,disk,0,10322,3416,9100*17
desknode> 
--- 2026-08-26 14:24:31.201  DRAIN (1 o) ---
p
--- 2026-08-26 14:24:31.201  DRAIN (2 o) ---
c 
--- 2026-08-26 14:24:31.201  DRAIN (1 o) ---
$
--- 2026-08-26 14:24:31.201  DRAIN (2 o) ---
DN
--- 2026-08-26 14:24:32.194  DRAIN (348 o) ---
,3,566,114047,cpu,62,16,176,435*6C
desknode> pc $DN,3,567,114047,gpu,60,480,510,5980*62
desknode> pc $DN,3,568,114047,ram,506,319*73
desknode> pc $DN,3,569,114047,net,0,0*7B
desknode> pc $DN,3,570,114047,disk,0,10322,3416,9100*13
desknode> I (2354674) desknode: up 2350 s — vsync=87954 — flush=11165 cycles=4753 — PSRAM libre 7768084 o

--- 2026-08-26 14:24:32.195  DRAIN (1 o) ---
p
--- 2026-08-26 14:24:32.195  DRAIN (1 o) ---
c
--- 2026-08-26 14:24:32.195  DRAIN (2 o) ---
 $
--- 2026-08-26 14:24:32.195  DRAIN (1 o) ---
D
--- 2026-08-26 14:24:33.191  DRAIN (246 o) ---
N,3,571,115041,cpu,59,28,125,430*6B
desknode> pc $DN,3,572,115041,gpu,30,480,510,5970*6B
desknode> pc $DN,3,573,115041,ram,506,319*7E
desknode> pc $DN,3,574,115041,net,0,0*70
desknode> pc $DN,3,575,115041,disk,0,10322,3416,9100*11
desknode> 
--- 2026-08-26 14:24:33.191  DRAIN (1 o) ---
p
--- 2026-08-26 14:24:33.191  DRAIN (1 o) ---
c
--- 2026-08-26 14:24:33.192  DRAIN (2 o) ---
 $
--- 2026-08-26 14:24:33.192  DRAIN (2 o) ---
DN
--- 2026-08-26 14:24:34.187  DRAIN (246 o) ---
,3,576,116038,cpu,66,16,156,430*64
desknode> pc $DN,3,577,116038,gpu,130,490,510,5970*53
desknode> pc $DN,3,578,116038,ram,505,319*7B
desknode> pc $DN,3,579,116038,net,0,0*70
desknode> pc $DN,3,580,116038,disk,4,10312,3398,9050*14
desknode> 
--- 2026-08-26 14:24:34.188  DRAIN (1 o) ---
p
--- 2026-08-26 14:24:34.188  DRAIN (2 o) ---
c 
--- 2026-08-26 14:24:34.188  DRAIN (1 o) ---
$
--- 2026-08-26 14:24:34.188  DRAIN (2 o) ---
DN
--- 2026-08-26 14:24:35.196  DRAIN (245 o) ---
,3,581,117034,cpu,70,13,169,430*6F
desknode> pc $DN,3,582,117034,gpu,50,480,510,5960*63
desknode> pc $DN,3,583,117034,ram,505,319*72
desknode> pc $DN,3,584,117034,net,0,0*7F
desknode> pc $DN,3,585,117034,disk,0,10312,3398,9050*18
desknode> 
--- 2026-08-26 14:24:35.197  DRAIN (1 o) ---
p
--- 2026-08-26 14:24:35.197  DRAIN (2 o) ---
c 
--- 2026-08-26 14:24:35.197  DRAIN (1 o) ---
$
--- 2026-08-26 14:24:36.187  DRAIN (248 o) ---
DN,3,586,118043,cpu,106,12,265,430*59
desknode> pc $DN,3,587,118043,gpu,40,490,510,5960*69
desknode> pc $DN,3,588,118043,ram,505,319*76
desknode> pc $DN,3,589,118043,net,3,2*7C
desknode> pc $DN,3,590,118043,disk,0,10312,3398,9050*13
desknode> 
--- 2026-08-26 14:24:36.187  DRAIN (1 o) ---
p
--- 2026-08-26 14:24:36.188  DRAIN (2 o) ---
c 
--- 2026-08-26 14:24:36.188  DRAIN (1 o) ---
$
--- 2026-08-26 14:24:36.188  DRAIN (1 o) ---
D
--- 2026-08-26 14:24:37.182  DRAIN (248 o) ---
N,3,591,119034,cpu,76,28,209,430*6B
desknode> pc $DN,3,592,119034,gpu,60,490,510,5970*6F
desknode> pc $DN,3,593,119034,ram,505,319*7D
desknode> pc $DN,3,594,119034,net,59,31*7E
desknode> pc $DN,3,595,119034,disk,4,10312,3398,9050*13
desknode> 
--- 2026-08-26 14:24:37.182  DRAIN (1 o) ---
p
--- 2026-08-26 14:24:37.183  DRAIN (2 o) ---
c 
--- 2026-08-26 14:24:37.183  DRAIN (2 o) ---
$D
--- 2026-08-26 14:24:37.183  DRAIN (2 o) ---
N,
--- 2026-08-26 14:24:38.177  DRAIN (244 o) ---
3,596,120029,cpu,50,32,172,430*6A
desknode> pc $DN,3,597,120029,gpu,90,480,510,5970*62
desknode> pc $DN,3,598,120029,ram,505,319*70
desknode> pc $DN,3,599,120029,net,0,0*7B
desknode> pc $DN,3,600,120029,disk,0,10307,3395,9061*15
desknode> 
--- 2026-08-26 14:24:38.178  DRAIN (1 o) ---
p
--- 2026-08-26 14:24:38.178  DRAIN (1 o) ---
c
--- 2026-08-26 14:24:39.187  DRAIN (249 o) ---
 $DN,3,601,121024,cpu,72,32,250,430*68
desknode> pc $DN,3,602,121024,gpu,40,490,510,5960*6C
desknode> pc $DN,3,603,121024,ram,505,319*7D
desknode> pc $DN,3,604,121024,net,0,0*70
desknode> pc $DN,3,605,121024,disk,0,10307,3395,9061*1C
desknode> 
--- 2026-08-26 14:24:39.187  DRAIN (1 o) ---
p
--- 2026-08-26 14:24:39.188  DRAIN (2 o) ---
c 
--- 2026-08-26 14:24:39.188  DRAIN (1 o) ---
$
--- 2026-08-26 14:24:40.186  DRAIN (247 o) ---
DN,3,606,122034,cpu,54,32,123,430*6E
desknode> pc $DN,3,607,122034,gpu,40,490,510,5960*6B
desknode> pc $DN,3,608,122034,ram,505,319*74
desknode> pc $DN,3,609,122034,net,0,0*7F
desknode> pc $DN,3,610,122034,disk,0,10307,3395,9061*1A
desknode> 
--- 2026-08-26 14:24:40.186  DRAIN (1 o) ---
p
--- 2026-08-26 14:24:40.187  DRAIN (2 o) ---
c 
--- 2026-08-26 14:24:40.187  DRAIN (1 o) ---
$
--- 2026-08-26 14:24:40.187  DRAIN (2 o) ---
DN
--- 2026-08-26 14:24:41.181  DRAIN (245 o) ---
,3,611,123033,cpu,72,32,172,430*6E
desknode> pc $DN,3,612,123033,gpu,60,480,510,5980*64
desknode> pc $DN,3,613,123033,ram,505,319*78
desknode> pc $DN,3,614,123033,net,0,0*75
desknode> pc $DN,3,615,123033,disk,0,10307,3395,9061*19
desknode> 
--- 2026-08-26 14:24:41.182  DRAIN (1 o) ---
p
--- 2026-08-26 14:24:41.182  DRAIN (1 o) ---
c
--- 2026-08-26 14:24:41.182  DRAIN (2 o) ---
 $
--- 2026-08-26 14:24:42.189  DRAIN (350 o) ---
DN,3,616,124028,cpu,60,25,219,430*6F
desknode> pc $DN,3,617,124028,gpu,20,480,510,5980*68
desknode> pc $DN,3,618,124028,ram,505,319*7E
desknode> pc $DN,3,619,124028,net,0,0*75
desknode> pc $DN,3,620,124028,disk,0,10311,3400,9058*14
desknode> I (2364676) desknode: up 2360 s — vsync=88328 — flush=11217 cycles=4774 — PSRAM libre 7768084 o

--- 2026-08-26 14:24:42.189  DRAIN (3 o) ---
pc 
--- 2026-08-26 14:24:42.190  DRAIN (3 o) ---
$DN
--- 2026-08-26 14:24:42.190  DRAIN (2 o) ---
,3
--- 2026-08-26 14:24:42.190  DRAIN (3 o) ---
,62
--- 2026-08-26 14:24:43.180  DRAIN (240 o) ---
1,125036,cpu,80,12,172,430*61
desknode> pc $DN,3,622,125036,gpu,20,490,510,5980*61
desknode> pc $DN,3,623,125036,ram,505,319*78
desknode> pc $DN,3,624,125036,net,0,0*75
desknode> pc $DN,3,625,125036,disk,1,10311,3400,9058*1E
desknode> 
--- 2026-08-26 14:24:43.180  DRAIN (1 o) ---
p
--- 2026-08-26 14:24:43.181  DRAIN (1 o) ---
c
--- 2026-08-26 14:24:43.181  DRAIN (1 o) ---
 
--- 2026-08-26 14:24:43.181  DRAIN (2 o) ---
$D
--- 2026-08-26 14:24:44.185  DRAIN (246 o) ---
N,3,626,126027,cpu,72,32,179,430*61
desknode> pc $DN,3,627,126027,gpu,40,480,510,5980*60
desknode> pc $DN,3,628,126027,ram,505,319*70
desknode> pc $DN,3,629,126027,net,0,0*7B
desknode> pc $DN,3,630,126027,disk,2,10311,3400,9058*1A
desknode> 
--- 2026-08-26 14:24:44.185  DRAIN (1 o) ---
p
--- 2026-08-26 14:24:44.185  DRAIN (2 o) ---
c 
--- 2026-08-26 14:24:44.186  DRAIN (2 o) ---
$D
--- 2026-08-26 14:24:45.188  DRAIN (246 o) ---
N,3,631,127031,cpu,71,23,156,433*6C
desknode> pc $DN,3,632,127031,gpu,20,490,510,5980*65
desknode> pc $DN,3,633,127031,ram,505,319*7C
desknode> pc $DN,3,634,127031,net,0,0*71
desknode> pc $DN,3,635,127031,disk,0,10311,3400,9058*1B
desknode> 
--- 2026-08-26 14:24:45.189  DRAIN (1 o) ---
p
--- 2026-08-26 14:24:45.189  DRAIN (1 o) ---
c
--- 2026-08-26 14:24:45.189  DRAIN (1 o) ---
 
--- 2026-08-26 14:24:45.189  DRAIN (2 o) ---
$D
--- 2026-08-26 14:24:46.185  DRAIN (246 o) ---
N,3,636,128035,cpu,74,23,200,433*65
desknode> pc $DN,3,637,128035,gpu,20,480,510,5960*64
desknode> pc $DN,3,638,128035,ram,505,319*7C
desknode> pc $DN,3,639,128035,net,0,0*77
desknode> pc $DN,3,640,128035,disk,2,10305,3399,9024*19
desknode> 
--- 2026-08-26 14:24:46.186  DRAIN (1 o) ---
p
--- 2026-08-26 14:24:46.186  DRAIN (1 o) ---
c
--- 2026-08-26 14:24:46.186  DRAIN (1 o) ---
 
--- 2026-08-26 14:24:47.194  DRAIN (249 o) ---
$DN,3,641,129032,cpu,122,25,375,433*54
desknode> pc $DN,3,642,129032,gpu,80,490,510,5970*6A
desknode> pc $DN,3,643,129032,ram,505,319*76
desknode> pc $DN,3,644,129032,net,0,0*7B
desknode> pc $DN,3,645,129032,disk,1,10305,3399,9024*19
desknode> 
--- 2026-08-26 14:24:47.194  DRAIN (1 o) ---
p
--- 2026-08-26 14:24:47.194  DRAIN (1 o) ---
c
--- 2026-08-26 14:24:47.194  DRAIN (1 o) ---
 
--- 2026-08-26 14:24:47.195  DRAIN (2 o) ---
$D
--- 2026-08-26 14:24:48.186  DRAIN (247 o) ---
N,3,646,130040,cpu,63,25,206,433*6F
desknode> pc $DN,3,647,130040,gpu,70,490,510,5970*6D
desknode> pc $DN,3,648,130040,ram,505,319*70
desknode> pc $DN,3,649,130040,net,0,0*7B
desknode> pc $DN,3,650,130040,disk,10,10305,3399,9024*20
desknode> 
--- 2026-08-26 14:24:48.186  DRAIN (1 o) ---
p
--- 2026-08-26 14:24:48.186  DRAIN (1 o) ---
c
--- 2026-08-26 14:24:48.186  DRAIN (2 o) ---
 $
--- 2026-08-26 14:24:49.188  DRAIN (247 o) ---
DN,3,651,131032,cpu,59,25,145,428*6A
desknode> pc $DN,3,652,131032,gpu,30,490,500,5970*68
desknode> pc $DN,3,653,131032,ram,505,319*7E
desknode> pc $DN,3,654,131032,net,0,0*73
desknode> pc $DN,3,655,131032,disk,1,10305,3399,9024*11
desknode> 
--- 2026-08-26 14:24:49.188  DRAIN (1 o) ---
p
--- 2026-08-26 14:24:49.188  DRAIN (2 o) ---
c 
--- 2026-08-26 14:24:49.188  DRAIN (1 o) ---
$
--- 2026-08-26 14:24:50.192  DRAIN (247 o) ---
DN,3,656,132034,cpu,84,25,254,428*6B
desknode> pc $DN,3,657,132034,gpu,60,490,510,5980*63
desknode> pc $DN,3,658,132034,ram,505,319*70
desknode> pc $DN,3,659,132034,net,0,0*7B
desknode> pc $DN,3,660,132034,disk,0,10316,3395,9045*1A
desknode> 
--- 2026-08-26 14:24:50.192  DRAIN (1 o) ---
p
--- 2026-08-26 14:24:50.192  DRAIN (1 o) ---
c
--- 2026-08-26 14:24:50.193  DRAIN (1 o) ---
 
--- 2026-08-26 14:24:51.190  DRAIN (248 o) ---
$DN,3,661,133039,cpu,85,28,296,428*61
desknode> pc $DN,3,662,133039,gpu,20,490,510,5980*6D
desknode> pc $DN,3,663,133039,ram,505,319*74
desknode> pc $DN,3,664,133039,net,0,0*79
desknode> pc $DN,3,665,133039,disk,0,10316,3395,9045*13
desknode> 
--- 2026-08-26 14:24:51.190  DRAIN (1 o) ---
p
--- 2026-08-26 14:24:51.191  DRAIN (1 o) ---
c
--- 2026-08-26 14:24:51.191  DRAIN (2 o) ---
 $
--- 2026-08-26 14:24:51.191  DRAIN (1 o) ---
D
--- 2026-08-26 14:24:52.202  DRAIN (349 o) ---
N,3,666,134037,cpu,90,28,169,428*68
desknode> pc $DN,3,667,134037,gpu,60,490,510,5990*64
desknode> pc $DN,3,668,134037,ram,505,319*76
desknode> pc $DN,3,669,134037,net,1,1*7D
desknode> pc $DN,3,670,134037,disk,2,10316,3395,9045*1C
desknode> I (2374679) desknode: up 2370 s — vsync=88702 — flush=11269 cycles=4794 — PSRAM libre 7768084 o

--- 2026-08-26 14:24:52.202  DRAIN (1 o) ---
p
--- 2026-08-26 14:24:52.202  DRAIN (1 o) ---
c
--- 2026-08-26 14:24:52.203  DRAIN (1 o) ---
 
--- 2026-08-26 14:24:52.203  DRAIN (1 o) ---
$
--- 2026-08-26 14:24:53.188  DRAIN (247 o) ---
DN,3,671,135049,cpu,73,13,278,433*6A
desknode> pc $DN,3,672,135049,gpu,40,490,510,6000*69
desknode> pc $DN,3,673,135049,ram,505,319*74
desknode> pc $DN,3,674,135049,net,0,0*79
desknode> pc $DN,3,675,135049,disk,0,10316,3395,9045*13
desknode> 
--- 2026-08-26 14:24:53.189  DRAIN (1 o) ---
p
--- 2026-08-26 14:24:53.189  DRAIN (1 o) ---
c
--- 2026-08-26 14:24:54.181  DRAIN (249 o) ---
 $DN,3,676,136035,cpu,93,23,235,433*61
desknode> pc $DN,3,677,136035,gpu,30,480,510,6000*62
desknode> pc $DN,3,678,136035,ram,505,319*77
desknode> pc $DN,3,679,136035,net,0,0*7C
desknode> pc $DN,3,680,136035,disk,7,10309,3400,9053*14
desknode> 
--- 2026-08-26 14:24:54.181  DRAIN (1 o) ---
p
--- 2026-08-26 14:24:54.182  DRAIN (2 o) ---
c 
--- 2026-08-26 14:24:54.182  DRAIN (1 o) ---
$
--- 2026-08-26 14:24:55.187  DRAIN (248 o) ---
DN,3,681,137028,cpu,71,23,217,433*68
desknode> pc $DN,3,682,137028,gpu,100,480,510,5990*54
desknode> pc $DN,3,683,137028,ram,505,319*7E
desknode> pc $DN,3,684,137028,net,0,0*73
desknode> pc $DN,3,685,137028,disk,1,10309,3400,9053*1A
desknode> 
--- 2026-08-26 14:24:55.187  DRAIN (1 o) ---
p
--- 2026-08-26 14:24:55.187  DRAIN (1 o) ---
c
--- 2026-08-26 14:24:55.188  DRAIN (2 o) ---
 $
--- 2026-08-26 14:24:55.188  DRAIN (2 o) ---
DN
--- 2026-08-26 14:24:56.194  DRAIN (276 o) ---
,3,686,138033,cpu,desknode> 3,31,239,433*66
Unrecognized command
desknode> pc $DN,3,687,138033,gpu,20,480,510,5980*66
desknode> pc $DN,3,688,138033,ram,505,319*70
desknode> pc $DN,3,689,138033,net,0,0*7B
desknode> pc $DN,3,690,138033,disk,0,10309,3400,9053*1A
desknode> 
--- 2026-08-26 14:24:56.194  DRAIN (1 o) ---
p
--- 2026-08-26 14:24:56.194  DRAIN (1 o) ---
c
--- 2026-08-26 14:24:56.195  DRAIN (2 o) ---
 $
--- 2026-08-26 14:24:56.195  DRAIN (2 o) ---
DN
--- 2026-08-26 14:24:57.188  DRAIN (245 o) ---
,3,691,139041,cpu,60,31,197,433*60
desknode> pc $DN,3,692,139041,gpu,50,480,510,5980*61
desknode> pc $DN,3,693,139041,ram,505,319*7E
desknode> pc $DN,3,694,139041,net,0,0*73
desknode> pc $DN,3,695,139041,disk,0,10309,3400,9053*1B
desknode> 
--- 2026-08-26 14:24:57.188  DRAIN (1 o) ---
p
--- 2026-08-26 14:24:57.189  DRAIN (2 o) ---
c 
--- 2026-08-26 14:24:57.189  DRAIN (2 o) ---
$D
--- 2026-08-26 14:24:57.189  DRAIN (2 o) ---
N,
--- 2026-08-26 14:24:58.185  DRAIN (244 o) ---
3,696,140035,cpu,51,31,159,433*6A
desknode> pc $DN,3,697,140035,gpu,60,480,510,5980*6A
desknode> pc $DN,3,698,140035,ram,505,319*78
desknode> pc $DN,3,699,140035,net,0,0*73
desknode> pc $DN,3,700,140035,disk,0,10314,3395,9048*16
desknode> 
--- 2026-08-26 14:24:58.186  DRAIN (1 o) ---
p
--- 2026-08-26 14:24:58.186  DRAIN (2 o) ---
c 
--- 2026-08-26 14:24:58.186  DRAIN (1 o) ---
$
--- 2026-08-26 14:24:58.187  DRAIN (3 o) ---
DN,
--- 2026-08-26 14:24:59.185  DRAIN (244 o) ---
3,701,141032,cpu,68,31,222,433*66
desknode> pc $DN,3,702,141032,gpu,50,480,510,5980*62
desknode> pc $DN,3,703,141032,ram,505,319*7D
desknode> pc $DN,3,704,141032,net,0,0*70
desknode> pc $DN,3,705,141032,disk,1,10314,3395,9048*14
desknode> 
--- 2026-08-26 14:24:59.185  DRAIN (2 o) ---
pc
--- 2026-08-26 14:24:59.186  DRAIN (1 o) ---
 
--- 2026-08-26 14:24:59.186  DRAIN (2 o) ---
$D
--- 2026-08-26 14:24:59.186  DRAIN (2 o) ---
N,
--- 2026-08-26 14:25:00.186  DRAIN (244 o) ---
3,706,142032,cpu,73,32,232,433*6A
desknode> pc $DN,3,707,142032,gpu,20,490,510,5980*62
desknode> pc $DN,3,708,142032,ram,505,319*75
desknode> pc $DN,3,709,142032,net,0,0*7E
desknode> pc $DN,3,710,142032,disk,0,10314,3395,9048*12
desknode> 
--- 2026-08-26 14:25:00.186  DRAIN (1 o) ---
p
--- 2026-08-26 14:25:00.186  DRAIN (1 o) ---
c
--- 2026-08-26 14:25:01.184  DRAIN (249 o) ---
 $DN,3,711,143032,cpu,93,32,370,428*6E
desknode> pc $DN,3,712,143032,gpu,70,480,510,5980*63
desknode> pc $DN,3,713,143032,ram,505,319*7E
desknode> pc $DN,3,714,143032,net,2,2*73
desknode> pc $DN,3,715,143032,disk,1,10314,3395,9048*17
desknode> 
--- 2026-08-26 14:25:01.184  DRAIN (1 o) ---
p
--- 2026-08-26 14:25:01.184  DRAIN (1 o) ---
c
--- 2026-08-26 14:25:01.184  DRAIN (3 o) ---
 $D
--- 2026-08-26 14:25:01.185  DRAIN (1 o) ---
N
--- 2026-08-26 14:25:02.184  DRAIN (348 o) ---
,3,716,144030,cpu,81,32,229,428*62
desknode> pc $DN,3,717,144030,gpu,10,480,510,5980*65
desknode> pc $DN,3,718,144030,ram,505,319*70
desknode> pc $DN,3,719,144030,net,0,0*7B
desknode> pc $DN,3,720,144030,disk,0,10310,3400,9053*10
desknode> I (2384681) desknode: up 2380 s — vsync=89076 — flush=11321 cycles=4816 — PSRAM libre 7768084 o

--- 2026-08-26 14:25:02.185  DRAIN (1 o) ---
p
--- 2026-08-26 14:25:02.185  DRAIN (1 o) ---
c
--- 2026-08-26 14:25:02.185  DRAIN (2 o) ---
 $
--- 2026-08-26 14:25:02.185  DRAIN (2 o) ---
DN
--- 2026-08-26 14:25:03.196  DRAIN (245 o) ---
,3,721,145031,cpu,51,21,127,428*64
desknode> pc $DN,3,722,145031,gpu,30,490,510,5990*61
desknode> pc $DN,3,723,145031,ram,505,319*78
desknode> pc $DN,3,724,145031,net,0,0*75
desknode> pc $DN,3,725,145031,disk,0,10310,3400,9053*15
desknode> 
--- 2026-08-26 14:25:03.197  DRAIN (1 o) ---
p
--- 2026-08-26 14:25:03.197  DRAIN (2 o) ---
c 
--- 2026-08-26 14:25:03.197  DRAIN (1 o) ---
$
--- 2026-08-26 14:25:03.198  DRAIN (2 o) ---
DN
--- 2026-08-26 14:25:04.185  DRAIN (245 o) ---
,3,726,146043,cpu,95,12,292,428*60
desknode> pc $DN,3,727,146043,gpu,60,490,510,6000*64
desknode> pc $DN,3,728,146043,ram,505,319*75
desknode> pc $DN,3,729,146043,net,0,0*7E
desknode> pc $DN,3,730,146043,disk,5,10310,3400,9053*12
desknode> 
--- 2026-08-26 14:25:04.185  DRAIN (2 o) ---
pc
--- 2026-08-26 14:25:04.186  DRAIN (2 o) ---
 $
--- 2026-08-26 14:25:04.186  DRAIN (3 o) ---
DN,
--- 2026-08-26 14:25:04.186  DRAIN (2 o) ---
3,
--- 2026-08-26 14:25:05.192  DRAIN (242 o) ---
731,147031,cpu,76,28,239,430*6E
desknode> pc $DN,3,732,147031,gpu,20,480,510,5980*63
desknode> pc $DN,3,733,147031,ram,505,319*7B
desknode> pc $DN,3,734,147031,net,1,1*76
desknode> pc $DN,3,735,147031,disk,0,10310,3400,9053*16
desknode> 
--- 2026-08-26 14:25:05.193  DRAIN (1 o) ---
p
--- 2026-08-26 14:25:05.193  DRAIN (2 o) ---
c 
--- 2026-08-26 14:25:05.193  DRAIN (1 o) ---
$
--- 2026-08-26 14:25:06.179  PORT PERDU — backoff 0.5 s (echecs_envoi=1) : WriteFile failed (PermissionError(13, 'Le périphérique ne reconnaît pas la commande.', None, 22)) (0 o) ---

--- 2026-08-26 14:25:07.190  OUVERTURE REFUSEE — backoff 0.5 s (echecs_ouverture=1) : could not open port 'COM3': FileNotFoundError(2, 'Le fichier spécifié est introuvable.', None, 2) (0 o) ---

--- 2026-08-26 14:25:08.201  OUVERTURE REFUSEE — backoff 1.0 s (echecs_ouverture=2) : could not open port 'COM3': FileNotFoundError(2, 'Le fichier spécifié est introuvable.', None, 2) (0 o) ---

--- 2026-08-26 14:25:10.184  OUVERTURE REFUSEE — backoff 2.0 s (echecs_ouverture=3) : could not open port 'COM3': FileNotFoundError(2, 'Le fichier spécifié est introuvable.', None, 2) (0 o) ---

--- 2026-08-26 14:25:13.201  OUVERTURE REFUSEE — backoff 4.0 s (echecs_ouverture=4) : could not open port 'COM3': FileNotFoundError(2, 'Le fichier spécifié est introuvable.', None, 2) (0 o) ---

--- 2026-08-26 14:25:18.191  PORT OUVERT (COM3) (0 o) ---

--- 2026-08-26 14:25:18.191  DRAIN (1 o) ---
p
--- 2026-08-26 14:25:18.192  DRAIN (2 o) ---
c 
--- 2026-08-26 14:25:18.192  DRAIN (3 o) ---
$DN
--- 2026-08-26 14:25:18.193  DRAIN (2 o) ---
,3
--- 2026-08-26 14:25:19.189  DRAIN (243 o) ---
,801,161036,cpu,47,21,159,445*6D
desknode> pc $DN,3,802,161036,gpu,60,490,510,5980*69
desknode> pc $DN,3,803,161036,ram,507,319*76
desknode> pc $DN,3,804,161036,net,0,0*79
desknode> pc $DN,3,805,161036,disk,0,10319,3437,9064*10
desknode> 
--- 2026-08-26 14:25:19.189  DRAIN (1 o) ---
p
--- 2026-08-26 14:25:19.189  DRAIN (1 o) ---
c
--- 2026-08-26 14:25:19.189  DRAIN (2 o) ---
 $
--- 2026-08-26 14:25:19.190  DRAIN (1 o) ---
D
--- 2026-08-26 14:25:20.192  DRAIN (247 o) ---
N,3,806,162035,cpu,73,21,191,445*69
desknode> pc $DN,3,807,162035,gpu,120,490,510,5980*59
desknode> pc $DN,3,808,162035,ram,506,319*7C
desknode> pc $DN,3,809,162035,net,0,0*74
desknode> pc $DN,3,810,162035,disk,0,10319,3437,9064*14
desknode> 
--- 2026-08-26 14:25:20.192  DRAIN (1 o) ---
p
--- 2026-08-26 14:25:20.192  DRAIN (1 o) ---
c
--- 2026-08-26 14:25:20.192  DRAIN (1 o) ---
 
--- 2026-08-26 14:25:21.185  DRAIN (248 o) ---
$DN,3,811,163038,cpu,97,32,229,433*6A
desknode> pc $DN,3,812,163038,gpu,70,480,510,5980*64
desknode> pc $DN,3,813,163038,ram,506,319*7A
desknode> pc $DN,3,814,163038,net,0,0*74
desknode> pc $DN,3,815,163038,disk,0,10319,3437,9064*1D
desknode> 
--- 2026-08-26 14:25:21.185  DRAIN (1 o) ---
p
--- 2026-08-26 14:25:21.185  DRAIN (1 o) ---
c
--- 2026-08-26 14:25:21.185  DRAIN (3 o) ---
 $D
--- 2026-08-26 14:25:21.186  DRAIN (1 o) ---
N
--- 2026-08-26 14:25:22.176  DRAIN (525 o) ---
,3,816,164031,cpu,75,31,235,433*61
desknode> pc $DN,3,817,164031,gpu,30,490,510,5980*6A
desknode> pc $DN,3,818,164031,ram,506,319*7F
desknode> pc $DN,3,819,164031,net,0,0*77
desknode> pc $DN,3,820,164031,disk,2,10611,3609,9174*15
desknode> W (8372) dn_capt: pression : le driver annonce des HECTO-PASCALS (bme680.h:363) mais rend 99916.7 — c'est du PASCAL. L'etiquette MENT, la conversion est faite ici et elle est ANNONCEE. Un facteur 100 pris en silence est exactement ce qui a publie « 4 614,8 lx » pour 46 148.

--- 2026-08-26 14:25:22.177  DRAIN (1 o) ---
p
--- 2026-08-26 14:25:22.177  DRAIN (1 o) ---
c
--- 2026-08-26 14:25:23.195  DRAIN (249 o) ---
 $DN,3,821,165023,cpu,59,12,175,433*6F
desknode> pc $DN,3,822,165023,gpu,30,490,510,5980*6E
desknode> pc $DN,3,823,165023,ram,506,319*75
desknode> pc $DN,3,824,165023,net,0,1*7A
desknode> pc $DN,3,825,165023,disk,1,10611,3609,9174*11
desknode> 
--- 2026-08-26 14:25:23.196  DRAIN (1 o) ---
p
--- 2026-08-26 14:25:23.196  DRAIN (1 o) ---
c
--- 2026-08-26 14:25:23.196  DRAIN (2 o) ---
 $
--- 2026-08-26 14:25:23.196  DRAIN (1 o) ---
D
--- 2026-08-26 14:25:24.186  DRAIN (249 o) ---
N,3,826,166042,cpu,138,21,304,433*5E
desknode> pc $DN,3,827,166042,gpu,110,480,510,5980*5D
desknode> pc $DN,3,828,166042,ram,507,319*7B
desknode> pc $DN,3,829,166042,net,3,2*73
desknode> pc $DN,3,830,166042,disk,11,10611,3609,9174*20
desknode> 
--- 2026-08-26 14:25:24.186  DRAIN (1 o) ---
p
--- 2026-08-26 14:25:24.186  DRAIN (1 o) ---
c
--- 2026-08-26 14:25:24.187  DRAIN (1 o) ---
 
--- 2026-08-26 14:25:24.187  DRAIN (2 o) ---
$D
--- 2026-08-26 14:25:25.191  DRAIN (246 o) ---
N,3,831,167033,cpu,78,32,190,438*6C
desknode> pc $DN,3,832,167033,gpu,60,490,510,5980*69
desknode> pc $DN,3,833,167033,ram,507,319*76
desknode> pc $DN,3,834,167033,net,0,0*79
desknode> pc $DN,3,835,167033,disk,1,10611,3609,9174*13
desknode> 
--- 2026-08-26 14:25:25.191  DRAIN (1 o) ---
p
--- 2026-08-26 14:25:25.191  DRAIN (2 o) ---
c 
--- 2026-08-26 14:25:25.192  DRAIN (2 o) ---
$D
--- 2026-08-26 14:25:25.192  DRAIN (3 o) ---
N,3
--- 2026-08-26 14:25:26.186  DRAIN (243 o) ---
,836,168037,cpu,82,21,282,438*67
desknode> pc $DN,3,837,168037,gpu,50,480,510,5980*65
desknode> pc $DN,3,838,168037,ram,507,319*76
desknode> pc $DN,3,839,168037,net,0,0*7F
desknode> pc $DN,3,840,168037,disk,2,10614,3626,9184*1E
desknode> 
--- 2026-08-26 14:25:26.186  DRAIN (1 o) ---
p
--- 2026-08-26 14:25:26.186  DRAIN (1 o) ---
c
--- 2026-08-26 14:25:26.186  DRAIN (1 o) ---
 
--- 2026-08-26 14:25:26.187  DRAIN (2 o) ---
$D
--- 2026-08-26 14:25:27.189  DRAIN (246 o) ---
N,3,841,169032,cpu,72,31,215,438*63
desknode> pc $DN,3,842,169032,gpu,90,490,510,5980*6E
desknode> pc $DN,3,843,169032,ram,507,319*7E
desknode> pc $DN,3,844,169032,net,0,0*71
desknode> pc $DN,3,845,169032,disk,0,10614,3626,9184*1D
desknode> 
--- 2026-08-26 14:25:27.189  DRAIN (1 o) ---
p
--- 2026-08-26 14:25:27.189  DRAIN (1 o) ---
c
--- 2026-08-26 14:25:27.190  DRAIN (1 o) ---
 
--- 2026-08-26 14:25:27.190  DRAIN (2 o) ---
$D
--- 2026-08-26 14:25:28.183  DRAIN (338 o) ---
N,3,846,170036,cpu,46,31,138,438*63
desknode> pc $DN,3,847,170036,gpu,50,490,510,5980*6B
desknode> pc $DN,3,848,170036,ram,507,319*79
desknode> pc $DN,3,849,170036,net,0,0*70
desknode> pc $DN,3,850,170036,disk,0,10614,3626,9184*15
desknode> I (14269) desknode: up 10 s — vsync=419 — flush=57 cycles=18 — PSRAM libre 7768084 o

--- 2026-08-26 14:25:28.184  DRAIN (1 o) ---
p
--- 2026-08-26 14:25:28.184  DRAIN (1 o) ---
c
--- 2026-08-26 14:25:28.184  DRAIN (2 o) ---
 $
--- 2026-08-26 14:25:28.184  DRAIN (1 o) ---
D
--- 2026-08-26 14:25:29.191  DRAIN (246 o) ---
N,3,851,171030,cpu,75,19,169,430*64
desknode> pc $DN,3,852,171030,gpu,40,490,510,5990*68
desknode> pc $DN,3,853,171030,ram,507,319*74
desknode> pc $DN,3,854,171030,net,0,0*7B
desknode> pc $DN,3,855,171030,disk,1,10614,3626,9184*16
desknode> 
--- 2026-08-26 14:25:29.191  DRAIN (1 o) ---
p
--- 2026-08-26 14:25:29.191  DRAIN (1 o) ---
c
--- 2026-08-26 14:25:30.182  DRAIN (250 o) ---
 $DN,3,856,172037,cpu,83,32,206,430*6D
desknode> pc $DN,3,857,172037,gpu,140,480,510,5990*59
desknode> pc $DN,3,858,172037,ram,507,319*7B
desknode> pc $DN,3,859,172037,net,0,0*72
desknode> pc $DN,3,860,172037,disk,0,10616,3621,9201*1E
desknode> 
--- 2026-08-26 14:25:30.182  DRAIN (1 o) ---
p
--- 2026-08-26 14:25:30.182  DRAIN (1 o) ---
c
--- 2026-08-26 14:25:30.183  DRAIN (1 o) ---
 
--- 2026-08-26 14:25:31.190  DRAIN (248 o) ---
$DN,3,861,173029,cpu,74,23,222,430*69
desknode> pc $DN,3,862,173029,gpu,70,490,510,5980*63
desknode> pc $DN,3,863,173029,ram,507,319*7D
desknode> pc $DN,3,864,173029,net,0,0*72
desknode> pc $DN,3,865,173029,disk,0,10616,3621,9201*15
desknode> 
--- 2026-08-26 14:25:31.190  DRAIN (1 o) ---
p
--- 2026-08-26 14:25:31.190  DRAIN (1 o) ---
c
--- 2026-08-26 14:25:31.191  DRAIN (3 o) ---
 $D
--- 2026-08-26 14:25:31.191  DRAIN (1 o) ---
N
--- 2026-08-26 14:25:32.193  DRAIN (247 o) ---
,3,866,174036,cpu,79,18,242,430*64
desknode> pc $DN,3,867,174036,gpu,40,490,510,5980*6C
desknode> pc $DN,3,868,174036,ram,507,319*7F
desknode> pc $DN,3,869,174036,net,46,91*7C
desknode> pc $DN,3,870,174036,disk,0,10616,3621,9201*18
desknode> 
--- 2026-08-26 14:25:32.193  DRAIN (1 o) ---
p
--- 2026-08-26 14:25:32.193  DRAIN (1 o) ---
c
--- 2026-08-26 14:25:32.193  DRAIN (1 o) ---
 
--- 2026-08-26 14:25:32.194  DRAIN (2 o) ---
$D
--- 2026-08-26 14:25:33.183  DRAIN (246 o) ---
N,3,871,175039,cpu,97,18,306,440*6A
desknode> pc $DN,3,872,175039,gpu,90,480,510,5980*6A
desknode> pc $DN,3,873,175039,ram,507,319*7B
desknode> pc $DN,3,874,175039,net,0,0*74
desknode> pc $DN,3,875,175039,disk,0,10616,3621,9201*13
desknode> 
--- 2026-08-26 14:25:33.183  DRAIN (1 o) ---
p
--- 2026-08-26 14:25:33.183  DRAIN (1 o) ---
c
--- 2026-08-26 14:25:33.184  DRAIN (2 o) ---
 $
--- 2026-08-26 14:25:33.184  DRAIN (2 o) ---
DN
--- 2026-08-26 14:25:34.188  DRAIN (245 o) ---
,3,876,176030,cpu,85,25,206,440*6B
desknode> pc $DN,3,877,176030,gpu,60,490,510,5980*6B
desknode> pc $DN,3,878,176030,ram,507,319*7A
desknode> pc $DN,3,879,176030,net,0,0*73
desknode> pc $DN,3,880,176030,disk,3,10625,3633,9192*1A
desknode> 
--- 2026-08-26 14:25:34.188  DRAIN (1 o) ---
p
--- 2026-08-26 14:25:34.189  DRAIN (2 o) ---
c 
--- 2026-08-26 14:25:34.189  DRAIN (2 o) ---
$D
--- 2026-08-26 14:25:34.189  DRAIN (1 o) ---
N
--- 2026-08-26 14:25:35.179  DRAIN (245 o) ---
,3,881,177035,cpu,81,32,222,440*63
desknode> pc $DN,3,882,177035,gpu,30,490,510,5990*61
desknode> pc $DN,3,883,177035,ram,507,319*7A
desknode> pc $DN,3,884,177035,net,0,0*75
desknode> pc $DN,3,885,177035,disk,0,10625,3633,9192*18
desknode> 
--- 2026-08-26 14:25:35.179  DRAIN (1 o) ---
p
--- 2026-08-26 14:25:35.179  DRAIN (1 o) ---
c
--- 2026-08-26 14:25:35.180  DRAIN (1 o) ---
 
--- 2026-08-26 14:25:36.183  DRAIN (250 o) ---
$DN,3,886,178026,cpu,113,12,219,440*59
desknode> pc $DN,3,887,178026,gpu,130,480,510,5980*58
desknode> pc $DN,3,888,178026,ram,508,319*73
desknode> pc $DN,3,889,178026,net,0,0*75
desknode> pc $DN,3,890,178026,disk,0,10625,3633,9192*11
desknode> 
--- 2026-08-26 14:25:36.184  DRAIN (1 o) ---
p
--- 2026-08-26 14:25:36.184  DRAIN (2 o) ---
c 
--- 2026-08-26 14:25:36.184  DRAIN (1 o) ---
$
--- 2026-08-26 14:25:37.201  DRAIN (248 o) ---
DN,3,891,179030,cpu,110,29,250,435*5D
desknode> pc $DN,3,892,179030,gpu,60,480,510,5980*6E
desknode> pc $DN,3,893,179030,ram,508,319*7F
desknode> pc $DN,3,894,179030,net,0,1*7E
desknode> pc $DN,3,895,179030,disk,3,10625,3633,9192*11
desknode> 
--- 2026-08-26 14:25:37.201  DRAIN (1 o) ---
p
--- 2026-08-26 14:25:37.201  DRAIN (1 o) ---
c
--- 2026-08-26 14:25:37.201  DRAIN (2 o) ---
 $
--- 2026-08-26 14:25:38.194  DRAIN (341 o) ---
DN,3,896,180047,cpu,65,12,215,435*66
desknode> pc $DN,3,897,180047,gpu,120,490,510,5970*56
desknode> pc $DN,3,898,180047,ram,508,319*72
desknode> pc $DN,3,899,180047,net,0,0*74
desknode> pc $DN,3,900,180047,disk,2,10635,3634,9157*14
desknode> I (24271) desknode: up 20 s — vsync=793 — flush=109 cycles=38 — PSRAM libre 7768084 o

--- 2026-08-26 14:25:38.194  DRAIN (1 o) ---
p
--- 2026-08-26 14:25:38.194  DRAIN (1 o) ---
c
--- 2026-08-26 14:25:38.194  DRAIN (2 o) ---
 $
--- 2026-08-26 14:25:38.195  DRAIN (1 o) ---
D
--- 2026-08-26 14:25:39.189  DRAIN (246 o) ---
N,3,901,181040,cpu,91,12,169,435*6C
desknode> pc $DN,3,902,181040,gpu,80,490,510,5980*69
desknode> pc $DN,3,903,181040,ram,508,319*77
desknode> pc $DN,3,904,181040,net,0,0*77
desknode> pc $DN,3,905,181040,disk,0,10635,3634,9157*15
desknode> 
--- 2026-08-26 14:25:39.189  DRAIN (1 o) ---
p
--- 2026-08-26 14:25:39.189  DRAIN (2 o) ---
c 
--- 2026-08-26 14:25:39.190  DRAIN (2 o) ---
$D
--- 2026-08-26 14:25:39.190  DRAIN (2 o) ---
N,
--- 2026-08-26 14:25:40.181  DRAIN (244 o) ---
3,906,182035,cpu,92,29,234,435*6A
desknode> pc $DN,3,907,182035,gpu,90,490,510,5980*6C
desknode> pc $DN,3,908,182035,ram,507,319*72
desknode> pc $DN,3,909,182035,net,0,1*7A
desknode> pc $DN,3,910,182035,disk,0,10635,3634,9157*10
desknode> 
--- 2026-08-26 14:25:40.181  DRAIN (1 o) ---
p
--- 2026-08-26 14:25:40.181  DRAIN (1 o) ---
c
--- 2026-08-26 14:25:41.177  DRAIN (250 o) ---
 $DN,3,911,183027,cpu,109,28,281,430*57
desknode> pc $DN,3,912,183027,gpu,30,480,510,5980*61
desknode> pc $DN,3,913,183027,ram,507,319*7A
desknode> pc $DN,3,914,183027,net,0,0*75
desknode> pc $DN,3,915,183027,disk,0,10635,3634,9157*17
desknode> 
--- 2026-08-26 14:25:41.178  DRAIN (1 o) ---
p
--- 2026-08-26 14:25:41.178  DRAIN (1 o) ---
c
--- 2026-08-26 14:25:41.178  DRAIN (2 o) ---
 $
--- 2026-08-26 14:25:42.186  DRAIN (248 o) ---
DN,3,916,184024,cpu,121,32,254,430*5D
desknode> pc $DN,3,917,184024,gpu,70,490,510,5970*6A
desknode> pc $DN,3,918,184024,ram,507,319*75
desknode> pc $DN,3,919,184024,net,1,1*7C
desknode> pc $DN,3,920,184024,disk,1,10621,3621,9187*18
desknode> 
--- 2026-08-26 14:25:42.186  DRAIN (1 o) ---
p
--- 2026-08-26 14:25:42.186  DRAIN (2 o) ---
c 
--- 2026-08-26 14:25:42.187  DRAIN (1 o) ---
$
--- 2026-08-26 14:25:43.177  DRAIN (248 o) ---
DN,3,921,185032,cpu,188,32,389,430*5D
desknode> pc $DN,3,922,185032,gpu,30,490,510,5960*6F
desknode> pc $DN,3,923,185032,ram,507,319*7B
desknode> pc $DN,3,924,185032,net,1,1*74
desknode> pc $DN,3,925,185032,disk,0,10621,3621,9187*1A
desknode> 
--- 2026-08-26 14:25:43.177  DRAIN (1 o) ---
p
--- 2026-08-26 14:25:43.178  DRAIN (3 o) ---
c $
--- 2026-08-26 14:25:43.178  DRAIN (1 o) ---
D
--- 2026-08-26 14:25:44.183  DRAIN (247 o) ---
N,3,926,186024,cpu,128,32,370,430*52
desknode> pc $DN,3,927,186024,gpu,30,490,510,5970*6F
desknode> pc $DN,3,928,186024,ram,508,319*7B
desknode> pc $DN,3,929,186024,net,0,0*7D
desknode> pc $DN,3,930,186024,disk,1,10621,3621,9187*1B
desknode> 
--- 2026-08-26 14:25:44.183  DRAIN (1 o) ---
p
--- 2026-08-26 14:25:44.183  DRAIN (2 o) ---
c 
--- 2026-08-26 14:25:44.183  DRAIN (1 o) ---
$
--- 2026-08-26 14:25:45.189  DRAIN (248 o) ---
DN,3,931,187029,cpu,106,21,338,443*5E
desknode> pc $DN,3,932,187029,gpu,80,480,510,5970*6D
desknode> pc $DN,3,933,187029,ram,508,319*7D
desknode> pc $DN,3,934,187029,net,0,0*7D
desknode> pc $DN,3,935,187029,disk,7,10621,3621,9187*14
desknode> 
--- 2026-08-26 14:25:45.189  DRAIN (1 o) ---
p
--- 2026-08-26 14:25:45.190  DRAIN (1 o) ---
c
--- 2026-08-26 14:25:45.190  DRAIN (2 o) ---
 $
--- 2026-08-26 14:25:45.190  DRAIN (1 o) ---
D
--- 2026-08-26 14:25:46.182  DRAIN (246 o) ---
N,3,936,188036,cpu,99,12,356,443*67
desknode> pc $DN,3,937,188036,gpu,20,490,510,5970*62
desknode> pc $DN,3,938,188036,ram,508,319*77
desknode> pc $DN,3,939,188036,net,0,0*71
desknode> pc $DN,3,940,188036,disk,2,10621,3623,9154*1E
desknode> 
--- 2026-08-26 14:25:46.182  DRAIN (1 o) ---
p
--- 2026-08-26 14:25:46.182  DRAIN (1 o) ---
c
--- 2026-08-26 14:25:46.183  DRAIN (2 o) ---
 $
--- 2026-08-26 14:25:47.195  DRAIN (247 o) ---
DN,3,941,189028,cpu,82,12,258,443*6C
desknode> pc $DN,3,942,189028,gpu,30,490,510,5970*6F
desknode> pc $DN,3,943,189028,ram,508,319*75
desknode> pc $DN,3,944,189028,net,1,2*76
desknode> pc $DN,3,945,189028,disk,0,10621,3623,9154*17
desknode> 
--- 2026-08-26 14:25:47.195  DRAIN (1 o) ---
p
--- 2026-08-26 14:25:47.195  DRAIN (1 o) ---
c
--- 2026-08-26 14:25:47.195  DRAIN (1 o) ---
 
--- 2026-08-26 14:25:47.195  DRAIN (1 o) ---
$
--- 2026-08-26 14:25:48.186  DRAIN (341 o) ---
DN,3,946,190041,cpu,86,16,364,443*62
desknode> pc $DN,3,947,190041,gpu,40,490,510,5970*6A
desknode> pc $DN,3,948,190041,ram,508,319*79
desknode> pc $DN,3,949,190041,net,0,0*7F
desknode> pc $DN,3,950,190041,disk,2,10621,3623,9154*16
desknode> I (34272) desknode: up 30 s — vsync=1168 — flush=161 cycles=58 — PSRAM libre 7768084 o

--- 2026-08-26 14:25:48.187  DRAIN (1 o) ---
p
--- 2026-08-26 14:25:48.187  DRAIN (2 o) ---
c 
--- 2026-08-26 14:25:48.188  DRAIN (4 o) ---
$DN,
--- 2026-08-26 14:25:49.199  DRAIN (245 o) ---
3,951,191033,cpu,86,26,188,433*64
desknode> pc $DN,3,952,191033,gpu,30,490,510,5980*62
desknode> pc $DN,3,953,191033,ram,508,319*77
desknode> pc $DN,3,954,191033,net,0,0*77
desknode> pc $DN,3,955,191033,disk,12,10621,3623,9154*26
desknode> 
--- 2026-08-26 14:25:49.200  DRAIN (2 o) ---
pc
--- 2026-08-26 14:25:49.200  DRAIN (3 o) ---
 $D
--- 2026-08-26 14:25:49.201  DRAIN (3 o) ---
N,3
--- 2026-08-26 14:25:49.201  DRAIN (2 o) ---
,9
--- 2026-08-26 14:25:50.190  DRAIN (241 o) ---
56,192046,cpu,89,16,234,433*6A
desknode> pc $DN,3,957,192046,gpu,30,480,510,5970*68
desknode> pc $DN,3,958,192046,ram,508,319*7D
desknode> pc $DN,3,959,192046,net,0,0*7B
desknode> pc $DN,3,960,192046,disk,1,10613,3625,9173*11
desknode> 
--- 2026-08-26 14:25:50.191  DRAIN (1 o) ---
p
--- 2026-08-26 14:25:50.191  DRAIN (3 o) ---
c $
--- 2026-08-26 14:25:51.177  DRAIN (248 o) ---
DN,3,961,193037,cpu,115,26,250,433*5C
desknode> pc $DN,3,962,193037,gpu,80,480,510,5980*6D
desknode> pc $DN,3,963,193037,ram,508,319*72
desknode> pc $DN,3,964,193037,net,0,0*72
desknode> pc $DN,3,965,193037,disk,0,10613,3625,9173*12
desknode> 
--- 2026-08-26 14:25:51.177  DRAIN (1 o) ---
p
--- 2026-08-26 14:25:51.177  DRAIN (1 o) ---
c
--- 2026-08-26 14:25:51.177  DRAIN (1 o) ---
 
--- 2026-08-26 14:25:51.178  DRAIN (2 o) ---
$D
--- 2026-08-26 14:25:51.229  DRAIN (248 o) ---
N,3,966,194024,cpu,120,32,324,433*5F
desknode> pc $DN,3,967,194024,gpu,100,490,510,5970*5A
desknode> pc $DN,3,968,194024,ram,508,319*7C
desknode> pc $DN,3,969,194024,net,1,1*7A
desknode> pc $DN,3,970,194024,disk,2,10613,3625,9173*11
desknode> 
--- 2026-08-26 14:25:51.229  PORT FERME (arret de l'agent) (0 o) ---
