2026-08-26 13:25:40.002849571 CEST
--- HOTE AVANT ---

===== rtc =====
rtc
horloge PCF85063A @ 0x51 : NON FIABLE (OS=1)
lue        : 2000-01-01 01:14:49 (jour de semaine 6) — ⛔ NON AFFICHABLE (la barre ne la montrera pas)
age        : 220 ms (peremption 1500 ms, en temps absolu)
bit OS     : 1 — 🔴 L'OSCILLATEUR S'EST ARRETE : l'heure lue NE VAUT RIEN
  Deux causes indiscernables, meme consequence : l'heure n'a JAMAIS
  ete posee, ou elle a ete PERDUE (coupure). `rtc set` la pose.
  ⛔ La barre n'affichera JAMAIS cette heure-la : une barre qui dit
     « 03:47 » apres une coupure est PIRE qu'une barre qui se tait.
retention  : 0xD7 relu AU BOOT = attendu ⇒ ✅ la puce a GARDE son alimentation
             depuis le dernier demarrage
temoin     : 0xD7 en 0x03 (attendu 0xD7) — ✅ pas de redemarrage EN COURS DE ROUTE (verdict RUNTIME)
Control_1  : 0x00 a l'init, 0x00 maintenant
             STOP=0 · format 24 h · quartz 7 pF
             ⚠️ CAP_SEL n'est PAS verifie : rien sur cette carte ne dit
                quel quartz est soude. Mauvais reglage = DERIVE, pas panne.
registres 0x00..0x11 (RELUS a l'instant) :
  00 00 00 D7 D0 14 01 01 06 01 00 80 80 80 80 80 00 18 
compteurs  : 7420 lectures · 0 reprises · 0 poses
erreurs    : i2c 0 · bcd 0
             i2c = elle ne repond plus · bcd = elle repond mais rend
             un quartet > 9. DEUX diagnostics opposes, deux seaux
             (lecon dn2-2 : les confondre envoie chercher la panne du
             cote du cablage, qu'on vient de prouver bon).
rejets     : bascule 5 · poussee perdue 0
             🔴 DEUX SEAUX AJOUTES EN REVUE (2026-08-18). Avant, la
             BASCULE — la seconde a tourne entre le burst et sa
             relecture, « ni erreur ni donnee » — tombait dans `bcd`
             et faisait chercher un quartet > 9 sur une puce SAINE.
             POUSSEE PERDUE = le verrou LVGL n'a pas ete pris, la
             barre garde son texte ; sans ce compteur une barre
             figee par contention etait indiscernable d'une barre
             a jour. Les deux sont NORMAUX en petit nombre.
etats      : OS vu 7420 fois · temoin perdu 0 fois
pile tache : 2780 o libres sur 4096 (high-water mark RELU)
             ⚠️ RAM INTERNE — la ressource meme qui a tue la branche
             WiFi en dn2-2. Reduire cette pile demandera CE chiffre.
barre      : HH:MM (au changement de minute) · « --:-- » / « HEURE NON POSÉE » · DESSINEE
epoque     : 2000..2099 — CHOIX du driver, pas de la puce : le PCF85063A
             porte l'annee sur 0..99 et n'a AUCUN bit de siecle.
desknode> 2026-08-26 13:25:40.120959871 CEST
