[agent] GPU : AMD Radeon RX 6800 XT via ADL PMLog (adaptateur 0) — temoin de mapping BUS_LANES=16 CLK_MEMCLK=1990 MHz
[agent] ⚠️ LHM INJOIGNABLE au demarrage (TimeoutError: budget de lecture LHM epuise (600 ms)) — la °C CPU et les tr/min diront « -- », les autres grandeurs continuent. ⚠️ La source RESTE ARMEE : elle retente a chaque cycle et reprendra seule si LHM demarre.
[agent] ⚠️ source `lhm` en ECHEC (/metrics a repondu 200 mais ne porte AUCUNE ligne `lhm_` (242 ligne(s) recues) — ⛔ CE N'EST PAS une absence de capteur : mauvais endpoint, corps vide, ou prefixe de famille renomme.) — la ou elle remplissait une grandeur, le fil porte un CHAMP VIDE et la ligne dit « -- » ; SI elle tenait la position 0, c'est la metrique entiere qui n'est pas emise. Les autres continuent : une source morte meurt SEULE.
[agent] ✅ source `lhm` a REPRIS apres 1 echec(s) consecutif(s) — la connexion persistante s'est retablie SANS redemarrer l'agent.
[agent] témoin coût cumulé : 0.312 s CPU / 10.0 s mur = 3.119 % d'un cœur (0.1949 % machine) — seq=50
[agent] témoin coût cumulé : 0.453 s CPU / 20.0 s mur = 2.263 % d'un cœur (0.1414 % machine) — seq=100
[agent] témoin coût cumulé : 0.656 s CPU / 30.2 s mur = 2.173 % d'un cœur (0.1358 % machine) — seq=150
[agent] témoin coût cumulé : 0.859 s CPU / 40.0 s mur = 2.147 % d'un cœur (0.1342 % machine) — seq=200
[agent] témoin coût cumulé : 1.016 s CPU / 50.0 s mur = 2.030 % d'un cœur (0.1269 % machine) — seq=250
[agent] témoin coût cumulé : 1.234 s CPU / 60.0 s mur = 2.057 % d'un cœur (0.1285 % machine) — seq=300
[agent] témoin coût cumulé : 1.375 s CPU / 70.0 s mur = 1.964 % d'un cœur (0.1227 % machine) — seq=350
[agent] témoin coût cumulé : 1.516 s CPU / 80.0 s mur = 1.894 % d'un cœur (0.1184 % machine) — seq=400
[agent] témoin coût cumulé : 1.688 s CPU / 90.0 s mur = 1.874 % d'un cœur (0.1171 % machine) — seq=450
[agent] témoin coût cumulé : 1.859 s CPU / 100.0 s mur = 1.859 % d'un cœur (0.1162 % machine) — seq=500
[agent] témoin coût cumulé : 2.016 s CPU / 110.0 s mur = 1.832 % d'un cœur (0.1145 % machine) — seq=550
[agent] témoin coût cumulé : 2.156 s CPU / 120.0 s mur = 1.797 % d'un cœur (0.1123 % machine) — seq=600
[agent] témoin coût cumulé : 2.344 s CPU / 130.0 s mur = 1.803 % d'un cœur (0.1127 % machine) — seq=650
[agent] témoin coût cumulé : 2.500 s CPU / 140.0 s mur = 1.785 % d'un cœur (0.1116 % machine) — seq=700
[agent] témoin coût cumulé : 2.688 s CPU / 150.1 s mur = 1.791 % d'un cœur (0.1119 % machine) — seq=750
[agent] témoin coût cumulé : 2.859 s CPU / 160.0 s mur = 1.787 % d'un cœur (0.1117 % machine) — seq=800
[agent] témoin coût cumulé : 3.062 s CPU / 170.0 s mur = 1.801 % d'un cœur (0.1126 % machine) — seq=850
[agent] témoin coût cumulé : 3.250 s CPU / 180.0 s mur = 1.805 % d'un cœur (0.1128 % machine) — seq=900
[agent] témoin coût cumulé : 3.453 s CPU / 190.0 s mur = 1.817 % d'un cœur (0.1136 % machine) — seq=950
[agent] témoin coût cumulé : 3.609 s CPU / 200.0 s mur = 1.804 % d'un cœur (0.1128 % machine) — seq=1000
[agent] témoin coût cumulé : 3.781 s CPU / 210.0 s mur = 1.800 % d'un cœur (0.1125 % machine) — seq=1050
[agent] témoin coût cumulé : 3.938 s CPU / 220.0 s mur = 1.790 % d'un cœur (0.1119 % machine) — seq=1100
[agent] témoin coût cumulé : 4.125 s CPU / 230.0 s mur = 1.793 % d'un cœur (0.1121 % machine) — seq=1150
[agent] témoin coût cumulé : 4.297 s CPU / 240.0 s mur = 1.790 % d'un cœur (0.1119 % machine) — seq=1200
[agent] témoin coût cumulé : 4.469 s CPU / 250.0 s mur = 1.787 % d'un cœur (0.1117 % machine) — seq=1250
[agent] témoin coût cumulé : 4.641 s CPU / 260.0 s mur = 1.785 % d'un cœur (0.1115 % machine) — seq=1300
[agent] témoin coût cumulé : 4.812 s CPU / 270.0 s mur = 1.782 % d'un cœur (0.1114 % machine) — seq=1350
[agent] témoin coût cumulé : 5.000 s CPU / 280.0 s mur = 1.786 % d'un cœur (0.1116 % machine) — seq=1400
[agent] témoin coût cumulé : 5.203 s CPU / 290.0 s mur = 1.794 % d'un cœur (0.1121 % machine) — seq=1450
[agent] témoin coût cumulé : 5.406 s CPU / 300.0 s mur = 1.802 % d'un cœur (0.1126 % machine) — seq=1500
[agent] témoin coût cumulé : 5.578 s CPU / 310.0 s mur = 1.799 % d'un cœur (0.1125 % machine) — seq=1550
[agent] témoin coût cumulé : 5.797 s CPU / 320.0 s mur = 1.811 % d'un cœur (0.1132 % machine) — seq=1600
[agent] témoin coût cumulé : 6.016 s CPU / 330.0 s mur = 1.823 % d'un cœur (0.1139 % machine) — seq=1650
[agent] témoin coût cumulé : 6.188 s CPU / 340.0 s mur = 1.820 % d'un cœur (0.1137 % machine) — seq=1700
[agent] témoin coût cumulé : 6.359 s CPU / 350.0 s mur = 1.817 % d'un cœur (0.1136 % machine) — seq=1750
[agent] témoin coût cumulé : 6.562 s CPU / 360.0 s mur = 1.823 % d'un cœur (0.1139 % machine) — seq=1800
[agent] témoin coût cumulé : 6.719 s CPU / 370.0 s mur = 1.816 % d'un cœur (0.1135 % machine) — seq=1850
[agent] témoin coût cumulé : 6.891 s CPU / 380.0 s mur = 1.813 % d'un cœur (0.1133 % machine) — seq=1900
[agent] témoin coût cumulé : 7.062 s CPU / 390.0 s mur = 1.811 % d'un cœur (0.1132 % machine) — seq=1950
[agent] témoin coût cumulé : 7.281 s CPU / 400.0 s mur = 1.820 % d'un cœur (0.1138 % machine) — seq=2000
[agent] témoin coût cumulé : 7.469 s CPU / 410.0 s mur = 1.822 % d'un cœur (0.1138 % machine) — seq=2050
[agent] témoin coût cumulé : 7.688 s CPU / 420.0 s mur = 1.830 % d'un cœur (0.1144 % machine) — seq=2100
[agent] témoin coût cumulé : 7.891 s CPU / 430.0 s mur = 1.835 % d'un cœur (0.1147 % machine) — seq=2150
[agent] témoin coût cumulé : 8.047 s CPU / 440.0 s mur = 1.829 % d'un cœur (0.1143 % machine) — seq=2200
[agent] témoin coût cumulé : 8.188 s CPU / 450.0 s mur = 1.819 % d'un cœur (0.1137 % machine) — seq=2250
[agent] témoin coût cumulé : 8.375 s CPU / 460.0 s mur = 1.820 % d'un cœur (0.1138 % machine) — seq=2300
[agent] témoin coût cumulé : 8.547 s CPU / 470.0 s mur = 1.818 % d'un cœur (0.1137 % machine) — seq=2350
[agent] témoin coût cumulé : 8.750 s CPU / 480.0 s mur = 1.823 % d'un cœur (0.1139 % machine) — seq=2400
[agent] témoin coût cumulé : 8.922 s CPU / 490.0 s mur = 1.821 % d'un cœur (0.1138 % machine) — seq=2450
[agent] témoin coût cumulé : 9.078 s CPU / 500.0 s mur = 1.815 % d'un cœur (0.1135 % machine) — seq=2500
[agent] témoin coût cumulé : 9.281 s CPU / 510.0 s mur = 1.820 % d'un cœur (0.1137 % machine) — seq=2550
[agent] témoin coût cumulé : 9.531 s CPU / 520.0 s mur = 1.833 % d'un cœur (0.1145 % machine) — seq=2600
[agent] témoin coût cumulé : 9.781 s CPU / 530.0 s mur = 1.845 % d'un cœur (0.1153 % machine) — seq=2650
[agent] témoin coût cumulé : 9.938 s CPU / 540.0 s mur = 1.840 % d'un cœur (0.1150 % machine) — seq=2700
[agent] témoin coût cumulé : 10.172 s CPU / 550.0 s mur = 1.849 % d'un cœur (0.1156 % machine) — seq=2750
[agent] témoin coût cumulé : 10.359 s CPU / 560.0 s mur = 1.850 % d'un cœur (0.1156 % machine) — seq=2800
[agent] témoin coût cumulé : 10.594 s CPU / 570.0 s mur = 1.858 % d'un cœur (0.1162 % machine) — seq=2850
[agent] témoin coût cumulé : 10.844 s CPU / 580.0 s mur = 1.869 % d'un cœur (0.1168 % machine) — seq=2900
[agent] témoin coût cumulé : 11.062 s CPU / 590.0 s mur = 1.875 % d'un cœur (0.1172 % machine) — seq=2950
[agent] témoin coût cumulé : 11.250 s CPU / 600.0 s mur = 1.875 % d'un cœur (0.1172 % machine) — seq=3000
[agent] témoin coût cumulé : 11.438 s CPU / 610.2 s mur = 1.874 % d'un cœur (0.1172 % machine) — seq=3050
[agent] témoin coût cumulé : 11.641 s CPU / 620.0 s mur = 1.877 % d'un cœur (0.1173 % machine) — seq=3100
[agent] témoin coût cumulé : 11.844 s CPU / 630.0 s mur = 1.880 % d'un cœur (0.1175 % machine) — seq=3150
[agent] témoin coût cumulé : 12.031 s CPU / 640.0 s mur = 1.880 % d'un cœur (0.1175 % machine) — seq=3200
[agent] témoin coût cumulé : 12.188 s CPU / 650.0 s mur = 1.875 % d'un cœur (0.1172 % machine) — seq=3250
[agent] témoin coût cumulé : 12.375 s CPU / 660.0 s mur = 1.875 % d'un cœur (0.1172 % machine) — seq=3300
[agent] témoin coût cumulé : 12.578 s CPU / 670.0 s mur = 1.877 % d'un cœur (0.1173 % machine) — seq=3350
[agent] témoin coût cumulé : 12.766 s CPU / 680.0 s mur = 1.877 % d'un cœur (0.1173 % machine) — seq=3400
[agent] témoin coût cumulé : 12.953 s CPU / 690.0 s mur = 1.877 % d'un cœur (0.1173 % machine) — seq=3450
[agent] témoin coût cumulé : 13.156 s CPU / 700.0 s mur = 1.879 % d'un cœur (0.1175 % machine) — seq=3500
[agent] témoin coût cumulé : 13.391 s CPU / 710.0 s mur = 1.886 % d'un cœur (0.1179 % machine) — seq=3550
[agent] témoin coût cumulé : 13.656 s CPU / 720.0 s mur = 1.897 % d'un cœur (0.1185 % machine) — seq=3600
[agent] témoin coût cumulé : 13.891 s CPU / 730.0 s mur = 1.903 % d'un cœur (0.1189 % machine) — seq=3650
[agent] témoin coût cumulé : 14.109 s CPU / 740.0 s mur = 1.907 % d'un cœur (0.1192 % machine) — seq=3700
[agent] témoin coût cumulé : 14.312 s CPU / 750.0 s mur = 1.908 % d'un cœur (0.1193 % machine) — seq=3750
[agent] témoin coût cumulé : 14.562 s CPU / 760.0 s mur = 1.916 % d'un cœur (0.1198 % machine) — seq=3800
[agent] témoin coût cumulé : 14.781 s CPU / 770.0 s mur = 1.920 % d'un cœur (0.1200 % machine) — seq=3850
[agent] témoin coût cumulé : 14.953 s CPU / 780.0 s mur = 1.917 % d'un cœur (0.1198 % machine) — seq=3900
[agent] témoin coût cumulé : 15.109 s CPU / 790.0 s mur = 1.912 % d'un cœur (0.1195 % machine) — seq=3950
[agent] témoin coût cumulé : 15.344 s CPU / 800.0 s mur = 1.918 % d'un cœur (0.1199 % machine) — seq=4000
[agent] témoin coût cumulé : 15.594 s CPU / 810.0 s mur = 1.925 % d'un cœur (0.1203 % machine) — seq=4050
[agent] témoin coût cumulé : 15.875 s CPU / 820.0 s mur = 1.936 % d'un cœur (0.1210 % machine) — seq=4100
[agent] témoin coût cumulé : 16.141 s CPU / 830.0 s mur = 1.945 % d'un cœur (0.1215 % machine) — seq=4150
[agent] témoin coût cumulé : 16.344 s CPU / 840.0 s mur = 1.946 % d'un cœur (0.1216 % machine) — seq=4200
[agent] témoin coût cumulé : 16.562 s CPU / 850.0 s mur = 1.948 % d'un cœur (0.1218 % machine) — seq=4250
[agent] témoin coût cumulé : 16.781 s CPU / 860.0 s mur = 1.951 % d'un cœur (0.1220 % machine) — seq=4300
[agent] témoin coût cumulé : 16.984 s CPU / 870.0 s mur = 1.952 % d'un cœur (0.1220 % machine) — seq=4350
[agent] témoin coût cumulé : 17.188 s CPU / 880.0 s mur = 1.953 % d'un cœur (0.1221 % machine) — seq=4400
[agent] témoin coût cumulé : 17.438 s CPU / 890.0 s mur = 1.959 % d'un cœur (0.1224 % machine) — seq=4450
[agent] témoin coût cumulé : 17.641 s CPU / 900.0 s mur = 1.960 % d'un cœur (0.1225 % machine) — seq=4500
[agent] témoin coût cumulé : 17.828 s CPU / 910.0 s mur = 1.959 % d'un cœur (0.1224 % machine) — seq=4550
[agent] témoin coût cumulé : 18.047 s CPU / 920.0 s mur = 1.962 % d'un cœur (0.1226 % machine) — seq=4600
[agent] témoin coût cumulé : 18.203 s CPU / 930.0 s mur = 1.957 % d'un cœur (0.1223 % machine) — seq=4650
[agent] témoin coût cumulé : 18.406 s CPU / 940.0 s mur = 1.958 % d'un cœur (0.1224 % machine) — seq=4700
[agent] témoin coût cumulé : 18.641 s CPU / 950.0 s mur = 1.962 % d'un cœur (0.1226 % machine) — seq=4750
[agent] témoin coût cumulé : 18.844 s CPU / 960.0 s mur = 1.963 % d'un cœur (0.1227 % machine) — seq=4800
[agent] témoin coût cumulé : 19.062 s CPU / 970.0 s mur = 1.965 % d'un cœur (0.1228 % machine) — seq=4850
[agent] témoin coût cumulé : 19.281 s CPU / 980.0 s mur = 1.967 % d'un cœur (0.1230 % machine) — seq=4900
[agent] arrêt demandé (drapeau H:\dev\projets\desknode\dn-agent.stop)
[agent] arrêt après 989.0 s — 4945 trames émises (5.00 trames/s), 0 erreurs d'envoi, 0 recalages de cadence
[agent] écho console draîné : 272533 o, 5157 lignes en 989.0 s = 275.6 o/s, 5.21 lignes/s (PLAFOND du bruit console : inclut le battement 10 s et tout ESP_LOGx)
[agent] aucun refus signalé par le firmware sur le fil
[agent] aucun ecretage : toute valeur emise est la valeur mesuree
[agent] 🔴 PANNES DE SOURCE (grandeur perdue ⇒ champ VIDE, « -- » sur SA ligne ; metrique non emise SEULEMENT si la position 0 manquait) : lhm:OSError=1
[agent] LHM : 988 lecture(s) reussie(s), 1 en echec — duree moyenne 8.1 ms, MAX 606.4 ms (timeout pose : 600 ms)
[agent] 🔴 le plafond a COUPE au moins une lecture (1 echec(s), timeout 600 ms). ⚠️ Le dimensionnement est a revoir. ⛔ `duree_max` (606 ms) est un MAX sur les reussites ET les echecs : il ne dit PAS a quel instant la coupe a eu lieu.
[agent] 🔴 UNE LECTURE LHM A DEPASSE LE PLAFOND SANS ECHOUER : 606 ms pour un timeout de 600 ms (101 %), 1 echec(s). ⚠️ Le budget ne borne que le RESEAU : ce depassement vient d'ailleurs (parse, ordonnancement). ⛔ C'EST un incident — il mange la cadence et arme le recalage.
[agent] ⚠️ ABSENCES LHM (LHM a REPONDU, sans cette valeur — champ VIDE sur le fil, ⛔ PAS une panne) : cpu.degc=2 · fan.case_group=3 · fan.cpu_noctua=3 · fan.rear_out=3 · fan.top_out=3
[agent] GPU : AMD Radeon RX 6800 XT via ADL PMLog (adaptateur 0) — temoin de mapping BUS_LANES=16 CLK_MEMCLK=1984 MHz
[agent] LHM : 127.0.0.1:8085/metrics — 5/5 sonde(s) avec valeur (timeout 0.60 s, connexion PERSISTANTE)
[agent] témoin coût cumulé : 0.484 s CPU / 10.0 s mur = 4.827 % d'un cœur (0.3017 % machine) — seq=50
[agent] témoin coût cumulé : 0.703 s CPU / 20.0 s mur = 3.510 % d'un cœur (0.2194 % machine) — seq=100
[agent] témoin coût cumulé : 0.891 s CPU / 30.0 s mur = 2.966 % d'un cœur (0.1854 % machine) — seq=150
[agent] témoin coût cumulé : 1.094 s CPU / 40.0 s mur = 2.732 % d'un cœur (0.1708 % machine) — seq=200
[agent] témoin coût cumulé : 1.266 s CPU / 50.0 s mur = 2.530 % d'un cœur (0.1581 % machine) — seq=250
[agent] témoin coût cumulé : 1.469 s CPU / 60.0 s mur = 2.447 % d'un cœur (0.1529 % machine) — seq=300
[agent] témoin coût cumulé : 1.688 s CPU / 70.0 s mur = 2.410 % d'un cœur (0.1506 % machine) — seq=350
[agent] témoin coût cumulé : 1.875 s CPU / 80.0 s mur = 2.343 % d'un cœur (0.1464 % machine) — seq=400
[agent] témoin coût cumulé : 2.062 s CPU / 90.0 s mur = 2.291 % d'un cœur (0.1432 % machine) — seq=450
[agent] témoin coût cumulé : 2.266 s CPU / 100.0 s mur = 2.265 % d'un cœur (0.1416 % machine) — seq=500
[agent] témoin coût cumulé : 2.438 s CPU / 110.0 s mur = 2.215 % d'un cœur (0.1385 % machine) — seq=550
[agent] témoin coût cumulé : 2.625 s CPU / 120.0 s mur = 2.187 % d'un cœur (0.1367 % machine) — seq=600
[agent] témoin coût cumulé : 2.828 s CPU / 130.0 s mur = 2.175 % d'un cœur (0.1359 % machine) — seq=650
[agent] témoin coût cumulé : 3.047 s CPU / 140.0 s mur = 2.176 % d'un cœur (0.1360 % machine) — seq=700
[agent] témoin coût cumulé : 3.266 s CPU / 150.0 s mur = 2.177 % d'un cœur (0.1360 % machine) — seq=750
[agent] témoin coût cumulé : 3.438 s CPU / 160.0 s mur = 2.148 % d'un cœur (0.1343 % machine) — seq=800
[agent] témoin coût cumulé : 3.641 s CPU / 170.0 s mur = 2.141 % d'un cœur (0.1338 % machine) — seq=850
[agent] témoin coût cumulé : 3.859 s CPU / 180.0 s mur = 2.144 % d'un cœur (0.1340 % machine) — seq=900
[agent] témoin coût cumulé : 4.031 s CPU / 190.0 s mur = 2.121 % d'un cœur (0.1326 % machine) — seq=950
[agent] témoin coût cumulé : 4.188 s CPU / 200.0 s mur = 2.094 % d'un cœur (0.1308 % machine) — seq=1000
[agent] témoin coût cumulé : 4.375 s CPU / 210.0 s mur = 2.083 % d'un cœur (0.1302 % machine) — seq=1050
[agent] témoin coût cumulé : 4.594 s CPU / 220.0 s mur = 2.088 % d'un cœur (0.1305 % machine) — seq=1100
[agent] témoin coût cumulé : 4.781 s CPU / 230.0 s mur = 2.079 % d'un cœur (0.1299 % machine) — seq=1150
[agent] témoin coût cumulé : 4.969 s CPU / 240.0 s mur = 2.070 % d'un cœur (0.1294 % machine) — seq=1200
[agent] témoin coût cumulé : 5.156 s CPU / 250.0 s mur = 2.062 % d'un cœur (0.1289 % machine) — seq=1250
[agent] témoin coût cumulé : 5.359 s CPU / 260.0 s mur = 2.061 % d'un cœur (0.1288 % machine) — seq=1300
[agent] témoin coût cumulé : 5.531 s CPU / 270.0 s mur = 2.048 % d'un cœur (0.1280 % machine) — seq=1350
[agent] témoin coût cumulé : 5.750 s CPU / 280.0 s mur = 2.053 % d'un cœur (0.1283 % machine) — seq=1400
